Component: ARM Compiler 5.06 update 6 (build 750) Tool: armlink [4d35ed]

==============================================================================

Section Cross References

    startup_stm32l010x4.o(RESET) refers to startup_stm32l010x4.o(STACK) for __initial_sp
    startup_stm32l010x4.o(RESET) refers to startup_stm32l010x4.o(.text) for Reset_Handler
    startup_stm32l010x4.o(RESET) refers to stm32l0xx_it.o(i.NMI_Handler) for NMI_Handler
    startup_stm32l010x4.o(RESET) refers to stm32l0xx_it.o(i.HardFault_Handler) for HardFault_Handler
    startup_stm32l010x4.o(RESET) refers to stm32l0xx_it.o(i.SVC_Handler) for SVC_Handler
    startup_stm32l010x4.o(RESET) refers to stm32l0xx_it.o(i.PendSV_Handler) for PendSV_Handler
    startup_stm32l010x4.o(RESET) refers to stm32l0xx_it.o(i.SysTick_Handler) for SysTick_Handler
    startup_stm32l010x4.o(RESET) refers to stm32l0xx_it.o(i.EXTI0_1_IRQHandler) for EXTI0_1_IRQHandler
    startup_stm32l010x4.o(RESET) refers to stm32l0xx_it.o(i.EXTI2_3_IRQHandler) for EXTI2_3_IRQHandler
    startup_stm32l010x4.o(RESET) refers to stm32l0xx_it.o(i.EXTI4_15_IRQHandler) for EXTI4_15_IRQHandler
    startup_stm32l010x4.o(RESET) refers to stm32l0xx_it.o(i.TIM2_IRQHandler) for TIM2_IRQHandler
    startup_stm32l010x4.o(RESET) refers to stm32l0xx_it.o(i.TIM21_IRQHandler) for TIM21_IRQHandler
    startup_stm32l010x4.o(RESET) refers to stm32l0xx_it.o(i.LPUART1_IRQHandler) for LPUART1_IRQHandler
    startup_stm32l010x4.o(.text) refers to startup_stm32l010x4.o(STACK) for __initial_sp
    startup_stm32l010x4.o(.text) refers to system_stm32l0xx.o(i.SystemInit) for SystemInit
    startup_stm32l010x4.o(.text) refers to entry.o(.ARM.Collect$$$$00000000) for __main
    motor.o(i.close) refers to stm32l0xx_hal_tim.o(i.HAL_TIM_Base_Stop) for HAL_TIM_Base_Stop
    motor.o(i.close) refers to stm32l0xx_hal_gpio.o(i.HAL_GPIO_WritePin) for HAL_GPIO_WritePin
    motor.o(i.close) refers to mcu_api.o(i.mcu_dp_enum_update) for mcu_dp_enum_update
    motor.o(i.close) refers to main.o(.data) for CONTROL
    motor.o(i.close) refers to tim.o(.bss) for htim21
    motor.o(i.close) refers to motor.o(.data) for .data
    motor.o(i.open) refers to stm32l0xx_hal_tim.o(i.HAL_TIM_Base_Stop) for HAL_TIM_Base_Stop
    motor.o(i.open) refers to stm32l0xx_hal_gpio.o(i.HAL_GPIO_WritePin) for HAL_GPIO_WritePin
    motor.o(i.open) refers to mcu_api.o(i.mcu_dp_enum_update) for mcu_dp_enum_update
    motor.o(i.open) refers to main.o(.data) for CONTROL
    motor.o(i.open) refers to tim.o(.bss) for htim21
    motor.o(i.open) refers to motor.o(.data) for .data
    motor.o(i.stop) refers to stm32l0xx_hal_tim.o(i.HAL_TIM_Base_Stop) for HAL_TIM_Base_Stop
    motor.o(i.stop) refers to stm32l0xx_hal_gpio.o(i.HAL_GPIO_ReadPin) for HAL_GPIO_ReadPin
    motor.o(i.stop) refers to stm32l0xx_hal_gpio.o(i.HAL_GPIO_WritePin) for HAL_GPIO_WritePin
    motor.o(i.stop) refers to mcu_api.o(i.mcu_dp_enum_update) for mcu_dp_enum_update
    motor.o(i.stop) refers to main.o(.data) for time
    motor.o(i.stop) refers to tim.o(.bss) for htim21
    ir.o(i.IR_CaptureCallback) refers to stm32l0xx_hal_tim.o(i.HAL_TIM_ReadCapturedValue) for HAL_TIM_ReadCapturedValue
    ir.o(i.IR_CaptureCallback) refers to ir.o(.data) for .data
    ir.o(i.IR_CaptureCallback) refers to tim.o(.bss) for htim2
    ir.o(i.IR_Init) refers to stm32l0xx_hal_tim.o(i.HAL_TIM_IC_Start_IT) for HAL_TIM_IC_Start_IT
    ir.o(i.IR_Init) refers to tim.o(.bss) for htim2
    ir.o(i.IR_Scanf) refers to ir.o(.data) for .data
    stop.o(i.enter_stop_mode) refers to stop.o(i.system_config_before_stop) for system_config_before_stop
    stop.o(i.enter_stop_mode) refers to stop.o(i.stop_exit_config) for stop_exit_config
    stop.o(i.enter_stop_mode) refers to stm32l0xx_hal_pwr.o(i.HAL_PWR_EnterSTOPMode) for HAL_PWR_EnterSTOPMode
    stop.o(i.enter_stop_mode) refers to stm32l0xx_hal_uart_ex.o(i.HAL_UARTEx_DisableStopMode) for HAL_UARTEx_DisableStopMode
    stop.o(i.enter_stop_mode) refers to stm32l0xx_hal_cortex.o(i.HAL_NVIC_DisableIRQ) for HAL_NVIC_DisableIRQ
    stop.o(i.enter_stop_mode) refers to tim.o(i.HAL_TIM_Base_MspDeInit) for HAL_TIM_Base_MspDeInit
    stop.o(i.enter_stop_mode) refers to tim.o(i.HAL_TIM_Base_MspInit) for HAL_TIM_Base_MspInit
    stop.o(i.enter_stop_mode) refers to ir.o(i.IR_Init) for IR_Init
    stop.o(i.enter_stop_mode) refers to ir.o(i.IR_CaptureCallback) for IR_CaptureCallback
    stop.o(i.enter_stop_mode) refers to stm32l0xx_hal_gpio.o(i.HAL_GPIO_WritePin) for HAL_GPIO_WritePin
    stop.o(i.enter_stop_mode) refers to dma.o(i.MX_DMA_Init) for MX_DMA_Init
    stop.o(i.enter_stop_mode) refers to adc.o(i.MX_ADC_Init) for MX_ADC_Init
    stop.o(i.enter_stop_mode) refers to usart.o(.bss) for hlpuart1
    stop.o(i.enter_stop_mode) refers to tim.o(.bss) for htim2
    stop.o(i.stop_exit_config) refers to memseta.o(.text) for __aeabi_memclr4
    stop.o(i.stop_exit_config) refers to stm32l0xx_hal_gpio.o(i.HAL_GPIO_Init) for HAL_GPIO_Init
[...]
    ../Core/Src/stm32l0xx_it.c               0x00000000   Number         0  stm32l0xx_it.o ABSOLUTE
    ../Core/Src/system_stm32l0xx.c           0x00000000   Number         0  system_stm32l0xx.o ABSOLUTE
    ../Core/Src/tim.c                        0x00000000   Number         0  tim.o ABSOLUTE
    ../Core/Src/usart.c                      0x00000000   Number         0  usart.o ABSOLUTE
    ../Drivers/STM32L0xx_HAL_Driver/Src/stm32l0xx_hal.c 0x00000000   Number         0  stm32l0xx_hal.o ABSOLUTE
    ../Drivers/STM32L0xx_HAL_Driver/Src/stm32l0xx_hal_adc.c 0x00000000   Number         0  stm32l0xx_hal_adc.o ABSOLUTE
    ../Drivers/STM32L0xx_HAL_Driver/Src/stm32l0xx_hal_adc_ex.c 0x00000000   Number         0  stm32l0xx_hal_adc_ex.o ABSOLUTE
    ../Drivers/STM32L0xx_HAL_Driver/Src/stm32l0xx_hal_cortex.c 0x00000000   Number         0  stm32l0xx_hal_cortex.o ABSOLUTE
    ../Drivers/STM32L0xx_HAL_Driver/Src/stm32l0xx_hal_dma.c 0x00000000   Number         0  stm32l0xx_hal_dma.o ABSOLUTE
    ../Drivers/STM32L0xx_HAL_Driver/Src/stm32l0xx_hal_exti.c 0x00000000   Number         0  stm32l0xx_hal_exti.o ABSOLUTE
    ../Drivers/STM32L0xx_HAL_Driver/Src/stm32l0xx_hal_flash.c 0x00000000   Number         0  stm32l0xx_hal_flash.o ABSOLUTE
    ../Drivers/STM32L0xx_HAL_Driver/Src/stm32l0xx_hal_flash_ex.c 0x00000000   Number         0  stm32l0xx_hal_flash_ex.o ABSOLUTE
    ../Drivers/STM32L0xx_HAL_Driver/Src/stm32l0xx_hal_flash_ramfunc.c 0x00000000   Number         0  stm32l0xx_hal_flash_ramfunc.o ABSOLUTE
    ../Drivers/STM32L0xx_HAL_Driver/Src/stm32l0xx_hal_gpio.c 0x00000000   Number         0  stm32l0xx_hal_gpio.o ABSOLUTE
    ../Drivers/STM32L0xx_HAL_Driver/Src/stm32l0xx_hal_i2c.c 0x00000000   Number         0  stm32l0xx_hal_i2c.o ABSOLUTE
    ../Drivers/STM32L0xx_HAL_Driver/Src/stm32l0xx_hal_i2c_ex.c 0x00000000   Number         0  stm32l0xx_hal_i2c_ex.o ABSOLUTE
    ../Drivers/STM32L0xx_HAL_Driver/Src/stm32l0xx_hal_pwr.c 0x00000000   Number         0  stm32l0xx_hal_pwr.o ABSOLUTE
    ../Drivers/STM32L0xx_HAL_Driver/Src/stm32l0xx_hal_pwr_ex.c 0x00000000   Number         0  stm32l0xx_hal_pwr_ex.o ABSOLUTE
    ../Drivers/STM32L0xx_HAL_Driver/Src/stm32l0xx_hal_rcc.c 0x00000000   Number         0  stm32l0xx_hal_rcc.o ABSOLUTE
    ../Drivers/STM32L0xx_HAL_Driver/Src/stm32l0xx_hal_rcc_ex.c 0x00000000   Number         0  stm32l0xx_hal_rcc_ex.o ABSOLUTE
    ../Drivers/STM32L0xx_HAL_Driver/Src/stm32l0xx_hal_tim.c 0x00000000   Number         0  stm32l0xx_hal_tim.o ABSOLUTE
    ../Drivers/STM32L0xx_HAL_Driver/Src/stm32l0xx_hal_tim_ex.c 0x00000000   Number         0  stm32l0xx_hal_tim_ex.o ABSOLUTE
    ../Drivers/STM32L0xx_HAL_Driver/Src/stm32l0xx_hal_uart.c 0x00000000   Number         0  stm32l0xx_hal_uart.o ABSOLUTE
    ../Drivers/STM32L0xx_HAL_Driver/Src/stm32l0xx_hal_uart_ex.c 0x00000000   Number         0  stm32l0xx_hal_uart_ex.o ABSOLUTE
    ../clib/microlib/division.c              0x00000000   Number         0  uldiv.o ABSOLUTE
    ../clib/microlib/division.c              0x00000000   Number         0  idiv.o ABSOLUTE
    ../clib/microlib/division.c              0x00000000   Number         0  uidiv.o ABSOLUTE
    ../clib/microlib/init/entry.s            0x00000000   Number         0  entry9a.o ABSOLUTE
    ../clib/microlib/init/entry.s            0x00000000   Number         0  entry2.o ABSOLUTE
    ../clib/microlib/init/entry.s            0x00000000   Number         0  entry9b.o ABSOLUTE
    ../clib/microlib/init/entry.s            0x00000000   Number         0  entry10b.o ABSOLUTE
    ../clib/microlib/init/entry.s            0x00000000   Number         0  entry8b.o ABSOLUTE
    ../clib/microlib/init/entry.s            0x00000000   Number         0  entry8a.o ABSOLUTE
    ../clib/microlib/init/entry.s            0x00000000   Number         0  entry7b.o ABSOLUTE
    ../clib/microlib/init/entry.s            0x00000000   Number         0  entry11b.o ABSOLUTE
    ../clib/microlib/init/entry.s            0x00000000   Number         0  entry.o ABSOLUTE
    ../clib/microlib/init/entry.s            0x00000000   Number         0  entry7a.o ABSOLUTE
    ../clib/microlib/init/entry.s            0x00000000   Number         0  entry5.o ABSOLUTE
    ../clib/microlib/init/entry.s            0x00000000   Number         0  entry10a.o ABSOLUTE
    ../clib/microlib/init/entry.s            0x00000000   Number         0  entry11a.o ABSOLUTE
    ../clib/microlib/longlong.c              0x00000000   Number         0  llshl.o ABSOLUTE
    ../clib/microlib/longlong.c              0x00000000   Number         0  llsshr.o ABSOLUTE
    ../clib/microlib/longlong.c              0x00000000   Number         0  llushr.o ABSOLUTE
    ../clib/microlib/printf/printf.c         0x00000000   Number         0  printf2.o ABSOLUTE
    ../clib/microlib/printf/printf.c         0x00000000   Number         0  printf1.o ABSOLUTE
    ../clib/microlib/printf/printf.c         0x00000000   Number         0  printf0.o ABSOLUTE
    ../clib/microlib/printf/printf.c         0x00000000   Number         0  printfb.o ABSOLUTE
    ../clib/microlib/printf/printf.c         0x00000000   Number         0  printf8.o ABSOLUTE
    ../clib/microlib/printf/printf.c         0x00000000   Number         0  printf3.o ABSOLUTE
    ../clib/microlib/printf/printf.c         0x00000000   Number         0  printfa.o ABSOLUTE
    ../clib/microlib/printf/printf.c         0x00000000   Number         0  printf7.o ABSOLUTE
    ../clib/microlib/printf/printf.c         0x00000000   Number         0  printf6.o ABSOLUTE
    ../clib/microlib/printf/printf.c         0x00000000   Number         0  printf5.o ABSOLUTE
    ../clib/microlib/printf/printf.c         0x00000000   Number         0  printf4.o ABSOLUTE
    ../clib/microlib/printf/stubs.s          0x00000000   Number         0  stubs.o ABSOLUTE
    ../clib/microlib/stdio/streams.c         0x00000000   Number         0  stdout.o ABSOLUTE
    ../clib/microlib/string/memset.c         0x00000000   Number         0  memseta.o ABSOLUTE
    ../clib/microlib/stubs.s                 0x00000000   Number         0  iusefp.o ABSOLUTE
    ../fplib/microlib/fpadd.c                0x00000000   Number         0  dadd.o ABSOLUTE
    ../fplib/microlib/fpdiv.c                0x00000000   Number         0  ddiv.o ABSOLUTE
    ../fplib/microlib/fpepilogue.c           0x00000000   Number         0  depilogue.o ABSOLUTE
    ../fplib/microlib/fpfix.c                0x00000000   Number         0  dfixul.o ABSOLUTE
    ../fplib/microlib/fpmul.c                0x00000000   Number         0  dmul.o ABSOLUTE
    ..\Core\Src\IR.c                         0x00000000   Number         0  ir.o ABSOLUTE
    ..\Core\Src\adc.c                        0x00000000   Number         0  adc.o ABSOLUTE
    ..\Core\Src\dma.c                        0x00000000   Number         0  dma.o ABSOLUTE
    ..\Core\Src\gpio.c                       0x00000000   Number         0  gpio.o ABSOLUTE
    ..\Core\Src\main.c                       0x00000000   Number         0  main.o ABSOLUTE
    ..\Core\Src\motor.c                      0x00000000   Number         0  motor.o ABSOLUTE
    ..\Core\Src\stm32l0xx_hal_msp.c          0x00000000   Number         0  stm32l0xx_hal_msp.o ABSOLUTE
    ..\Core\Src\stm32l0xx_it.c               0x00000000   Number         0  stm32l0xx_it.o ABSOLUTE
    ..\Core\Src\stop.c                       0x00000000   Number         0  stop.o ABSOLUTE
    ..\Core\Src\system_stm32l0xx.c           0x00000000   Number         0  system_stm32l0xx.o ABSOLUTE
    ..\Core\Src\tim.c                        0x00000000   Number         0  tim.o ABSOLUTE
    ..\Core\Src\usart.c                      0x00000000   Number         0  usart.o ABSOLUTE
    ..\Drivers\STM32L0xx_HAL_Driver\Src\stm32l0xx_hal.c 0x00000000   Number         0  stm32l0xx_hal.o ABSOLUTE
    ..\Drivers\STM32L0xx_HAL_Driver\Src\stm32l0xx_hal_adc.c 0x00000000   Number         0  stm32l0xx_hal_adc.o ABSOLUTE
    ..\Drivers\STM32L0xx_HAL_Driver\Src\stm32l0xx_hal_adc_ex.c 0x00000000   Number         0  stm32l0xx_hal_adc_ex.o ABSOLUTE
    ..\Drivers\STM32L0xx_HAL_Driver\Src\stm32l0xx_hal_cortex.c 0x00000000   Number         0  stm32l0xx_hal_cortex.o ABSOLUTE
    ..\Drivers\STM32L0xx_HAL_Driver\Src\stm32l0xx_hal_dma.c 0x00000000   Number         0  stm32l0xx_hal_dma.o ABSOLUTE
    ..\Drivers\STM32L0xx_HAL_Driver\Src\stm32l0xx_hal_exti.c 0x00000000   Number         0  stm32l0xx_hal_exti.o ABSOLUTE
    ..\Drivers\STM32L0xx_HAL_Driver\Src\stm32l0xx_hal_flash.c 0x00000000   Number         0  stm32l0xx_hal_flash.o ABSOLUTE
    ..\Drivers\STM32L0xx_HAL_Driver\Src\stm32l0xx_hal_flash_ex.c 0x00000000   Number         0  stm32l0xx_hal_flash_ex.o ABSOLUTE
    ..\Drivers\STM32L0xx_HAL_Driver\Src\stm32l0xx_hal_flash_ramfunc.c 0x00000000   Number         0  stm32l0xx_hal_flash_ramfunc.o ABSOLUTE
    ..\Drivers\STM32L0xx_HAL_Driver\Src\stm32l0xx_hal_gpio.c 0x00000000   Number         0  stm32l0xx_hal_gpio.o ABSOLUTE
    ..\Drivers\STM32L0xx_HAL_Driver\Src\stm32l0xx_hal_i2c.c 0x00000000   Number         0  stm32l0xx_hal_i2c.o ABSOLUTE
    ..\Drivers\STM32L0xx_HAL_Driver\Src\stm32l0xx_hal_i2c_ex.c 0x00000000   Number         0  stm32l0xx_hal_i2c_ex.o ABSOLUTE
    ..\Drivers\STM32L0xx_HAL_Driver\Src\stm32l0xx_hal_pwr.c 0x00000000   Number         0  stm32l0xx_hal_pwr.o ABSOLUTE
    ..\Drivers\STM32L0xx_HAL_Driver\Src\stm32l0xx_hal_pwr_ex.c 0x00000000   Number         0  stm32l0xx_hal_pwr_ex.o ABSOLUTE
    ..\Drivers\STM32L0xx_HAL_Driver\Src\stm32l0xx_hal_rcc.c 0x00000000   Number         0  stm32l0xx_hal_rcc.o ABSOLUTE
    ..\Drivers\STM32L0xx_HAL_Driver\Src\stm32l0xx_hal_rcc_ex.c 0x00000000   Number         0  stm32l0xx_hal_rcc_ex.o ABSOLUTE
    ..\Drivers\STM32L0xx_HAL_Driver\Src\stm32l0xx_hal_tim.c 0x00000000   Number         0  stm32l0xx_hal_tim.o ABSOLUTE
    ..\Drivers\STM32L0xx_HAL_Driver\Src\stm32l0xx_hal_tim_ex.c 0x00000000   Number         0  stm32l0xx_hal_tim_ex.o ABSOLUTE
    ..\Drivers\STM32L0xx_HAL_Driver\Src\stm32l0xx_hal_uart.c 0x00000000   Number         0  stm32l0xx_hal_uart.o ABSOLUTE
    ..\Drivers\STM32L0xx_HAL_Driver\Src\stm32l0xx_hal_uart_ex.c 0x00000000   Number         0  stm32l0xx_hal_uart_ex.o ABSOLUTE
    ..\\Core\\Src\\IR.c                      0x00000000   Number         0  ir.o ABSOLUTE
    ..\\Core\\Src\\motor.c                   0x00000000   Number         0  motor.o ABSOLUTE
    ..\\Core\\Src\\stop.c                    0x00000000   Number         0  stop.o ABSOLUTE
    ..\\mcu_sdk\\mcu_api.c                   0x00000000   Number         0  mcu_api.o ABSOLUTE
    ..\\mcu_sdk\\protocol.c                  0x00000000   Number         0  protocol.o ABSOLUTE
    ..\\mcu_sdk\\system.c                    0x00000000   Number         0  system.o ABSOLUTE
    ..\mcu_sdk\mcu_api.c                     0x00000000   Number         0  mcu_api.o ABSOLUTE
    ..\mcu_sdk\protocol.c                    0x00000000   Number         0  protocol.o ABSOLUTE
    ..\mcu_sdk\system.c                      0x00000000   Number         0  system.o ABSOLUTE
    cdrcmple.s                               0x00000000   Number         0  cdrcmple.o ABSOLUTE
    dc.s                                     0x00000000   Number         0  dc.o ABSOLUTE
    handlers.s                               0x00000000   Number         0  handlers.o ABSOLUTE
    init.s                                   0x00000000   Number         0  init.o ABSOLUTE
    startup_stm32l010x4.s                    0x00000000   Number         0  startup_stm32l010x4.o ABSOLUTE
    RESET                                    0x08000000   Section      192  startup_stm32l010x4.o(RESET)
    .ARM.Collect$$$$00000000                 0x080000c0   Section        0  entry.o(.ARM.Collect$$$$00000000)
    .ARM.Collect$$$$00000001                 0x080000c0   Section        4  entry2.o(.ARM.Collect$$$$00000001)
    .ARM.Collect$$$$00000004                 0x080000c4   Section        4  entry5.o(.ARM.Collect$$$$00000004)
    .ARM.Collect$$$$00000008                 0x080000c8   Section        0  entry7b.o(.ARM.Collect$$$$00000008)
    .ARM.Collect$$$$0000000A                 0x080000c8   Section        0  entry8b.o(.ARM.Collect$$$$0000000A)
    .ARM.Collect$$$$0000000B                 0x080000c8   Section        8  entry9a.o(.ARM.Collect$$$$0000000B)
    .ARM.Collect$$$$0000000D                 0x080000d0   Section        0  entry10a.o(.ARM.Collect$$$$0000000D)
    .ARM.Collect$$$$0000000F                 0x080000d0   Section        0  entry11a.o(.ARM.Collect$$$$0000000F)
    .ARM.Collect$$$$00002712                 0x080000d0   Section        4  entry2.o(.ARM.Collect$$$$00002712)
    __lit__00000000                          0x080000d0   Data           4  entry2.o(.ARM.Collect$$$$00002712)
    .text                                    0x080000d4   Section       88  startup_stm32l010x4.o(.text)
    .text                                    0x0800012c   Section        0  uidiv.o(.text)
    .text                                    0x08000158   Section        0  idiv.o(.text)
    .text                                    0x08000180   Section        0  uldiv.o(.text)
    .text                                    0x080001e0   Section        0  memseta.o(.text)
    .text                                    0x08000204   Section        0  llshl.o(.text)
    .text                                    0x08000224   Section        0  llushr.o(.text)
    .text                                    0x08000248   Section       36  init.o(.text)
    i.ADC_ConversionStop                     0x0800026c   Section        0  stm32l0xx_hal_adc.o(i.ADC_ConversionStop)
    ADC_ConversionStop                       0x0800026d   Thumb Code    82  stm32l0xx_hal_adc.o(i.ADC_ConversionStop)
    i.ADC_DMAConvCplt                        0x080002be   Section        0  stm32l0xx_hal_adc.o(i.ADC_DMAConvCplt)
    ADC_DMAConvCplt                          0x080002bf   Thumb Code   110  stm32l0xx_hal_adc.o(i.ADC_DMAConvCplt)
    i.ADC_DMAError                           0x0800032c   Section        0  stm32l0xx_hal_adc.o(i.ADC_DMAError)
    ADC_DMAError                             0x0800032d   Thumb Code    26  stm32l0xx_hal_adc.o(i.ADC_DMAError)
    i.ADC_DMAHalfConvCplt                    0x08000346   Section        0  stm32l0xx_hal_adc.o(i.ADC_DMAHalfConvCplt)
    ADC_DMAHalfConvCplt                      0x08000347   Thumb Code    10  stm32l0xx_hal_adc.o(i.ADC_DMAHalfConvCplt)
    i.ADC_Disable                            0x08000350   Section        0  stm32l0xx_hal_adc.o(i.ADC_Disable)
    ADC_Disable                              0x08000351   Thumb Code    96  stm32l0xx_hal_adc.o(i.ADC_Disable)
    i.ADC_Enable                             0x080003b0   Section        0  stm32l0xx_hal_adc.o(i.ADC_Enable)
    ADC_Enable                               0x080003b1   Thumb Code   110  stm32l0xx_hal_adc.o(i.ADC_Enable)
    i.DMA_SetConfig                          0x0800042c   Section        0  stm32l0xx_hal_dma.o(i.DMA_SetConfig)
    DMA_SetConfig                            0x0800042d   Thumb Code    44  stm32l0xx_hal_dma.o(i.DMA_SetConfig)
    i.EXTI0_1_IRQHandler                     0x08000458   Section        0  stm32l0xx_it.o(i.EXTI0_1_IRQHandler)
    i.EXTI2_3_IRQHandler                     0x08000462   Section        0  stm32l0xx_it.o(i.EXTI2_3_IRQHandler)
    i.EXTI4_15_IRQHandler                    0x0800046c   Section        0  stm32l0xx_it.o(i.EXTI4_15_IRQHandler)
    i.Error_Handler                          0x08000478   Section        0  main.o(i.Error_Handler)
    i.HAL_ADC_ConfigChannel                  0x0800047c   Section        0  stm32l0xx_hal_adc.o(i.HAL_ADC_ConfigChannel)
    i.HAL_ADC_ConvCpltCallback               0x080004f0   Section        0  stm32l0xx_hal_adc.o(i.HAL_ADC_ConvCpltCallback)
    i.HAL_ADC_ConvHalfCpltCallback           0x080004f2   Section        0  stm32l0xx_hal_adc.o(i.HAL_ADC_ConvHalfCpltCallback)
    i.HAL_ADC_DeInit                         0x080004f4   Section        0  stm32l0xx_hal_adc.o(i.HAL_ADC_DeInit)
    i.HAL_ADC_ErrorCallback                  0x080005a8   Section        0  stm32l0xx_hal_adc.o(i.HAL_ADC_ErrorCallback)
    i.HAL_ADC_Init                           0x080005ac   Section        0  stm32l0xx_hal_adc.o(i.HAL_ADC_Init)
    i.HAL_ADC_MspDeInit                      0x08000774   Section        0  adc.o(i.HAL_ADC_MspDeInit)
    i.HAL_ADC_MspInit                        0x080007a4   Section        0  adc.o(i.HAL_ADC_MspInit)
    i.HAL_ADC_Start_DMA                      0x0800082c   Section        0  stm32l0xx_hal_adc.o(i.HAL_ADC_Start_DMA)
    i.HAL_ADC_Stop_DMA                       0x080008cc   Section        0  stm32l0xx_hal_adc.o(i.HAL_ADC_Stop_DMA)
    i.HAL_DMA_Abort                          0x08000944   Section        0  stm32l0xx_hal_dma.o(i.HAL_DMA_Abort)
    i.HAL_DMA_Abort_IT                       0x08000988   Section        0  stm32l0xx_hal_dma.o(i.HAL_DMA_Abort_IT)
    i.HAL_DMA_DeInit                         0x080009d4   Section        0  stm32l0xx_hal_dma.o(i.HAL_DMA_DeInit)
    i.HAL_DMA_Init                           0x08000a3c   Section        0  stm32l0xx_hal_dma.o(i.HAL_DMA_Init)
    i.HAL_DMA_Start_IT                       0x08000acc   Section        0  stm32l0xx_hal_dma.o(i.HAL_DMA_Start_IT)
    i.HAL_Delay                              0x08000b34   Section        0  stm32l0xx_hal.o(i.HAL_Delay)
    i.HAL_GPIO_DeInit                        0x08000b58   Section        0  stm32l0xx_hal_gpio.o(i.HAL_GPIO_DeInit)
    i.HAL_GPIO_EXTI_Callback                 0x08000c20   Section        0  main.o(i.HAL_GPIO_EXTI_Callback)
    i.HAL_GPIO_EXTI_IRQHandler               0x08000d58   Section        0  stm32l0xx_hal_gpio.o(i.HAL_GPIO_EXTI_IRQHandler)
    i.HAL_GPIO_Init                          0x08000d70   Section        0  stm32l0xx_hal_gpio.o(i.HAL_GPIO_Init)
    i.HAL_GPIO_ReadPin                       0x08000ecc   Section        0  stm32l0xx_hal_gpio.o(i.HAL_GPIO_ReadPin)
    i.HAL_GPIO_WritePin                      0x08000ed6   Section        0  stm32l0xx_hal_gpio.o(i.HAL_GPIO_WritePin)
    i.HAL_GetTick                            0x08000ee4   Section        0  stm32l0xx_hal.o(i.HAL_GetTick)
    i.HAL_IncTick                            0x08000ef0   Section        0  stm32l0xx_hal.o(i.HAL_IncTick)
    i.HAL_Init                               0x08000f00   Section        0  stm32l0xx_hal.o(i.HAL_Init)
    i.HAL_InitTick                           0x08000f28   Section        0  stm32l0xx_hal.o(i.HAL_InitTick)
    i.HAL_MspInit                            0x08000f6c   Section        0  stm32l0xx_hal_msp.o(i.HAL_MspInit)
    i.HAL_NVIC_DisableIRQ                    0x08000f84   Section        0  stm32l0xx_hal_cortex.o(i.HAL_NVIC_DisableIRQ)
    i.HAL_NVIC_EnableIRQ                     0x08000fa4   Section        0  stm32l0xx_hal_cortex.o(i.HAL_NVIC_EnableIRQ)
    i.HAL_NVIC_SetPriority                   0x08000fbc   Section        0  stm32l0xx_hal_cortex.o(i.HAL_NVIC_SetPriority)
    i.HAL_PWREx_EnableFastWakeUp             0x08000fc4   Section        0  stm32l0xx_hal_pwr_ex.o(i.HAL_PWREx_EnableFastWakeUp)
    i.HAL_PWREx_EnableUltraLowPower          0x08000fd4   Section        0  stm32l0xx_hal_pwr_ex.o(i.HAL_PWREx_EnableUltraLowPower)
    i.HAL_PWR_EnterSTOPMode                  0x08000fe4   Section        0  stm32l0xx_hal_pwr.o(i.HAL_PWR_EnterSTOPMode)
    i.HAL_RCCEx_PeriphCLKConfig              0x08001048   Section        0  stm32l0xx_hal_rcc_ex.o(i.HAL_RCCEx_PeriphCLKConfig)
    i.HAL_RCC_ClockConfig                    0x08001198   Section        0  stm32l0xx_hal_rcc.o(i.HAL_RCC_ClockConfig)
    i.HAL_RCC_GetPCLK1Freq                   0x08001334   Section        0  stm32l0xx_hal_rcc.o(i.HAL_RCC_GetPCLK1Freq)
    i.HAL_RCC_GetPCLK2Freq                   0x08001354   Section        0  stm32l0xx_hal_rcc.o(i.HAL_RCC_GetPCLK2Freq)
    i.HAL_RCC_GetSysClockFreq                0x08001374   Section        0  stm32l0xx_hal_rcc.o(i.HAL_RCC_GetSysClockFreq)
    i.HAL_RCC_OscConfig                      0x080013ec   Section        0  stm32l0xx_hal_rcc.o(i.HAL_RCC_OscConfig)
    i.HAL_SYSTICK_Config                     0x08001820   Section        0  stm32l0xx_hal_cortex.o(i.HAL_SYSTICK_Config)
    i.HAL_TIMEx_MasterConfigSynchronization  0x08001850   Section        0  stm32l0xx_hal_tim_ex.o(i.HAL_TIMEx_MasterConfigSynchronization)
    i.HAL_TIM_Base_Init                      0x0800189c   Section        0  stm32l0xx_hal_tim.o(i.HAL_TIM_Base_Init)
    i.HAL_TIM_Base_MspDeInit                 0x080018dc   Section        0  tim.o(i.HAL_TIM_Base_MspDeInit)
    i.HAL_TIM_Base_MspInit                   0x08001920   Section        0  tim.o(i.HAL_TIM_Base_MspInit)
    i.HAL_TIM_Base_Start                     0x080019a0   Section        0  stm32l0xx_hal_tim.o(i.HAL_TIM_Base_Start)
    i.HAL_TIM_Base_Start_IT                  0x080019dc   Section        0  stm32l0xx_hal_tim.o(i.HAL_TIM_Base_Start_IT)
    i.HAL_TIM_Base_Stop                      0x08001a20   Section        0  stm32l0xx_hal_tim.o(i.HAL_TIM_Base_Stop)
    i.HAL_TIM_ConfigClockSource              0x08001a40   Section        0  stm32l0xx_hal_tim.o(i.HAL_TIM_ConfigClockSource)
    i.HAL_TIM_IC_CaptureCallback             0x08001b10   Section        0  main.o(i.HAL_TIM_IC_CaptureCallback)
    i.HAL_TIM_IC_ConfigChannel               0x08001b64   Section        0  stm32l0xx_hal_tim.o(i.HAL_TIM_IC_ConfigChannel)
    i.HAL_TIM_IC_Init                        0x08001c7e   Section        0  stm32l0xx_hal_tim.o(i.HAL_TIM_IC_Init)
    i.HAL_TIM_IC_MspInit                     0x08001cbc   Section        0  stm32l0xx_hal_tim.o(i.HAL_TIM_IC_MspInit)
    i.HAL_TIM_IC_Start_IT                    0x08001cc0   Section        0  stm32l0xx_hal_tim.o(i.HAL_TIM_IC_Start_IT)
    i.HAL_TIM_IC_Stop_IT                     0x08001d5c   Section        0  stm32l0xx_hal_tim.o(i.HAL_TIM_IC_Stop_IT)
    i.HAL_TIM_IRQHandler                     0x08001dd0   Section        0  stm32l0xx_hal_tim.o(i.HAL_TIM_IRQHandler)
    i.HAL_TIM_OC_DelayElapsedCallback        0x08001ef6   Section        0  stm32l0xx_hal_tim.o(i.HAL_TIM_OC_DelayElapsedCallback)
    i.HAL_TIM_PWM_PulseFinishedCallback      0x08001ef8   Section        0  stm32l0xx_hal_tim.o(i.HAL_TIM_PWM_PulseFinishedCallback)
    i.HAL_TIM_PeriodElapsedCallback          0x08001efc   Section        0  main.o(i.HAL_TIM_PeriodElapsedCallback)
    i.HAL_TIM_ReadCapturedValue              0x08001f2c   Section        0  stm32l0xx_hal_tim.o(i.HAL_TIM_ReadCapturedValue)
    i.HAL_TIM_TriggerCallback                0x08001f58   Section        0  stm32l0xx_hal_tim.o(i.HAL_TIM_TriggerCallback)
    i.HAL_UARTEx_DisableStopMode             0x08001f5a   Section        0  stm32l0xx_hal_uart_ex.o(i.HAL_UARTEx_DisableStopMode)
    i.HAL_UARTEx_EnableStopMode              0x08001f7c   Section        0  stm32l0xx_hal_uart_ex.o(i.HAL_UARTEx_EnableStopMode)
    i.HAL_UARTEx_RxEventCallback             0x08001f9e   Section        0  stm32l0xx_hal_uart.o(i.HAL_UARTEx_RxEventCallback)
    i.HAL_UARTEx_WakeupCallback              0x08001fa0   Section        0  stm32l0xx_hal_uart_ex.o(i.HAL_UARTEx_WakeupCallback)
    i.HAL_UART_ErrorCallback                 0x08001fa2   Section        0  stm32l0xx_hal_uart.o(i.HAL_UART_ErrorCallback)
    i.HAL_UART_IRQHandler                    0x08001fa4   Section        0  stm32l0xx_hal_uart.o(i.HAL_UART_IRQHandler)
    i.HAL_UART_Init                          0x080021c4   Section        0  stm32l0xx_hal_uart.o(i.HAL_UART_Init)
    i.HAL_UART_MspInit                       0x08002230   Section        0  usart.o(i.HAL_UART_MspInit)
    i.HAL_UART_Receive_IT                    0x08002298   Section        0  stm32l0xx_hal_uart.o(i.HAL_UART_Receive_IT)
    i.HAL_UART_RxCpltCallback                0x080022f8   Section        0  main.o(i.HAL_UART_RxCpltCallback)
    i.HAL_UART_Transmit                      0x08002328   Section        0  stm32l0xx_hal_uart.o(i.HAL_UART_Transmit)
    i.HAL_UART_TxCpltCallback                0x080023fa   Section        0  stm32l0xx_hal_uart.o(i.HAL_UART_TxCpltCallback)
    i.HardFault_Handler                      0x080023fc   Section        0  stm32l0xx_it.o(i.HardFault_Handler)
    i.IR_CaptureCallback                     0x08002400   Section        0  ir.o(i.IR_CaptureCallback)
    i.IR_Init                                0x08002510   Section        0  ir.o(i.IR_Init)
    i.IR_Scanf                               0x08002534   Section        0  ir.o(i.IR_Scanf)
    i.LPUART1_IRQHandler                     0x08002570   Section        0  stm32l0xx_it.o(i.LPUART1_IRQHandler)
    i.MX_ADC_Init                            0x08002580   Section        0  adc.o(i.MX_ADC_Init)
    i.MX_DMA_Init                            0x080025f0   Section        0  dma.o(i.MX_DMA_Init)
    i.MX_GPIO_Init                           0x08002608   Section        0  gpio.o(i.MX_GPIO_Init)
    i.MX_LPUART1_UART_Init                   0x080026f4   Section        0  usart.o(i.MX_LPUART1_UART_Init)
    i.MX_TIM21_Init                          0x0800272c   Section        0  tim.o(i.MX_TIM21_Init)
    i.MX_TIM2_Init                           0x080027a0   Section        0  tim.o(i.MX_TIM2_Init)
    i.NMI_Handler                            0x08002840   Section        0  stm32l0xx_it.o(i.NMI_Handler)
    i.PendSV_Handler                         0x08002842   Section        0  stm32l0xx_it.o(i.PendSV_Handler)
    i.SVC_Handler                            0x08002844   Section        0  stm32l0xx_it.o(i.SVC_Handler)
    i.SysTick_Handler                        0x08002846   Section        0  stm32l0xx_it.o(i.SysTick_Handler)
    i.SystemClock_Config                     0x08002850   Section        0  main.o(i.SystemClock_Config)
    i.SystemInit                             0x080028d4   Section        0  system_stm32l0xx.o(i.SystemInit)
    i.TIM21_IRQHandler                       0x080028d8   Section        0  stm32l0xx_it.o(i.TIM21_IRQHandler)
    i.TIM2_IRQHandler                        0x080028e8   Section        0  stm32l0xx_it.o(i.TIM2_IRQHandler)
    i.TIM_Base_SetConfig                     0x080028f8   Section        0  stm32l0xx_hal_tim.o(i.TIM_Base_SetConfig)
    TIM_Base_SetConfig                       0x080028f9   Thumb Code    68  stm32l0xx_hal_tim.o(i.TIM_Base_SetConfig)
    i.TIM_CCxChannelCmd                      0x08002940   Section        0  stm32l0xx_hal_tim.o(i.TIM_CCxChannelCmd)
    TIM_CCxChannelCmd                        0x08002941   Thumb Code    26  stm32l0xx_hal_tim.o(i.TIM_CCxChannelCmd)
    i.TIM_ETR_SetConfig                      0x0800295a   Section        0  stm32l0xx_hal_tim.o(i.TIM_ETR_SetConfig)
    TIM_ETR_SetConfig                        0x0800295b   Thumb Code    22  stm32l0xx_hal_tim.o(i.TIM_ETR_SetConfig)
    i.TIM_ITRx_SetConfig                     0x08002970   Section        0  stm32l0xx_hal_tim.o(i.TIM_ITRx_SetConfig)
    TIM_ITRx_SetConfig                       0x08002971   Thumb Code    16  stm32l0xx_hal_tim.o(i.TIM_ITRx_SetConfig)
    i.TIM_TI1_ConfigInputStage               0x08002980   Section        0  stm32l0xx_hal_tim.o(i.TIM_TI1_ConfigInputStage)
    TIM_TI1_ConfigInputStage                 0x08002981   Thumb Code    34  stm32l0xx_hal_tim.o(i.TIM_TI1_ConfigInputStage)
    i.TIM_TI1_SetConfig                      0x080029a4   Section        0  stm32l0xx_hal_tim.o(i.TIM_TI1_SetConfig)
    TIM_TI1_SetConfig                        0x080029a5   Thumb Code    62  stm32l0xx_hal_tim.o(i.TIM_TI1_SetConfig)
    i.TIM_TI2_ConfigInputStage               0x080029e8   Section        0  stm32l0xx_hal_tim.o(i.TIM_TI2_ConfigInputStage)
    TIM_TI2_ConfigInputStage                 0x080029e9   Thumb Code    38  stm32l0xx_hal_tim.o(i.TIM_TI2_ConfigInputStage)
    i.TIM_TI2_SetConfig                      0x08002a0e   Section        0  stm32l0xx_hal_tim.o(i.TIM_TI2_SetConfig)
    TIM_TI2_SetConfig                        0x08002a0f   Thumb Code    52  stm32l0xx_hal_tim.o(i.TIM_TI2_SetConfig)
    i.UART_AdvFeatureConfig                  0x08002a42   Section        0  stm32l0xx_hal_uart.o(i.UART_AdvFeatureConfig)
    i.UART_CheckIdleState                    0x08002b0c   Section        0  stm32l0xx_hal_uart.o(i.UART_CheckIdleState)
    i.UART_DMAAbortOnError                   0x08002b70   Section        0  stm32l0xx_hal_uart.o(i.UART_DMAAbortOnError)
    UART_DMAAbortOnError                     0x08002b71   Thumb Code    20  stm32l0xx_hal_uart.o(i.UART_DMAAbortOnError)
    i.UART_EndRxTransfer                     0x08002b84   Section        0  stm32l0xx_hal_uart.o(i.UART_EndRxTransfer)
    UART_EndRxTransfer                       0x08002b85   Thumb Code    50  stm32l0xx_hal_uart.o(i.UART_EndRxTransfer)
    i.UART_RxISR_16BIT                       0x08002bb6   Section        0  stm32l0xx_hal_uart.o(i.UART_RxISR_16BIT)
    UART_RxISR_16BIT                         0x08002bb7   Thumb Code   118  stm32l0xx_hal_uart.o(i.UART_RxISR_16BIT)
    i.UART_RxISR_8BIT                        0x08002c2c   Section        0  stm32l0xx_hal_uart.o(i.UART_RxISR_8BIT)
    UART_RxISR_8BIT                          0x08002c2d   Thumb Code   118  stm32l0xx_hal_uart.o(i.UART_RxISR_8BIT)
    i.UART_SetConfig                         0x08002ca4   Section        0  stm32l0xx_hal_uart.o(i.UART_SetConfig)
    i.UART_Start_Receive_IT                  0x08002e80   Section        0  stm32l0xx_hal_uart.o(i.UART_Start_Receive_IT)
    i.UART_WaitOnFlagUntilTimeout            0x08002f18   Section        0  stm32l0xx_hal_uart.o(i.UART_WaitOnFlagUntilTimeout)
    i.__0sprintf$1                           0x08002fb8   Section        0  printf1.o(i.__0sprintf$1)
    i.__ARM_common_ll_muluu                  0x08002fe0   Section        0  stm32l0xx_hal_rcc.o(i.__ARM_common_ll_muluu)
    i.__ARM_common_switch8                   0x08003010   Section        0  stm32l0xx_hal_dma.o(i.__ARM_common_switch8)
    i.__NVIC_SetPriority                     0x0800302c   Section        0  stm32l0xx_hal_cortex.o(i.__NVIC_SetPriority)
    __NVIC_SetPriority                       0x0800302d   Thumb Code    60  stm32l0xx_hal_cortex.o(i.__NVIC_SetPriority)
    i.__scatterload_copy                     0x08003070   Section       14  handlers.o(i.__scatterload_copy)
    i.__scatterload_null                     0x0800307e   Section        2  handlers.o(i.__scatterload_null)
    i.__scatterload_zeroinit                 0x08003080   Section       14  handlers.o(i.__scatterload_zeroinit)
    i._printf_core                           0x08003090   Section        0  printf1.o(i._printf_core)
    _printf_core                             0x08003091   Thumb Code   332  printf1.o(i._printf_core)
    i._sputc                                 0x080031e0   Section        0  printf1.o(i._sputc)
    _sputc                                   0x080031e1   Thumb Code    10  printf1.o(i._sputc)
    i.adcbat                                 0x080031ec   Section        0  main.o(i.adcbat)
    i.all_data_update                        0x0800327c   Section        0  protocol.o(i.all_data_update)
    i.byte_to_int                            0x080032c8   Section        0  mcu_api.o(i.byte_to_int)
    i.close                                  0x080032e0   Section        0  motor.o(i.close)
    i.data_handle                            0x08003358   Section        0  system.o(i.data_handle)
    i.dp_download_handle                     0x08003454   Section        0  protocol.o(i.dp_download_handle)
    i.dp_download_percent_control_handle     0x080034e4   Section        0  protocol.o(i.dp_download_percent_control_handle)
    dp_download_percent_control_handle       0x080034e5   Thumb Code    64  protocol.o(i.dp_download_percent_control_handle)
    i.enter_stop_mode                        0x08003530   Section        0  stop.o(i.enter_stop_mode)
    i.get_check_sum                          0x08003580   Section        0  system.o(i.get_check_sum)
    i.get_download_cmd_total                 0x0800359c   Section        0  protocol.o(i.get_download_cmd_total)
    i.main                                   0x080035a0   Section        0  main.o(i.main)
    i.mcu_dp_bool_update                     0x08003758   Section        0  mcu_api.o(i.mcu_dp_bool_update)
    i.mcu_dp_enum_update                     0x080037a0   Section        0  mcu_api.o(i.mcu_dp_enum_update)
    i.mcu_dp_value_update                    0x080037e0   Section        0  mcu_api.o(i.mcu_dp_value_update)
    i.mcu_get_dp_download_bool               0x08003834   Section        0  mcu_api.o(i.mcu_get_dp_download_bool)
    i.mcu_get_dp_download_enum               0x08003838   Section        0  mcu_api.o(i.mcu_get_dp_download_enum)
    i.mcu_get_dp_download_value              0x0800383c   Section        0  mcu_api.o(i.mcu_get_dp_download_value)
    i.mcu_get_wifi_work_state                0x08003844   Section        0  mcu_api.o(i.mcu_get_wifi_work_state)
    i.mcu_reset_wifi                         0x08003850   Section        0  mcu_api.o(i.mcu_reset_wifi)
    i.my_memcpy                              0x08003868   Section        0  mcu_api.o(i.my_memcpy)
    i.my_strlen                              0x080038a8   Section        0  mcu_api.o(i.my_strlen)
    i.open                                   0x080038c0   Section        0  motor.o(i.open)
    i.product_info_update                    0x08003934   Section        0  system.o(i.product_info_update)
    product_info_update                      0x08003935   Thumb Code   174  system.o(i.product_info_update)
    i.set_wifi_uart_buffer                   0x08003a2c   Section        0  system.o(i.set_wifi_uart_buffer)
    i.set_wifi_uart_byte                     0x08003a48   Section        0  system.o(i.set_wifi_uart_byte)
    i.stop                                   0x08003a58   Section        0  motor.o(i.stop)
    i.stop_exit_config                       0x08003b0c   Section        0  stop.o(i.stop_exit_config)
    i.system_config_before_stop              0x08003b58   Section        0  stop.o(i.system_config_before_stop)
    i.take_byte_rxbuff                       0x08003b8c   Section        0  system.o(i.take_byte_rxbuff)
    i.uart_receive_input                     0x08003bb4   Section        0  mcu_api.o(i.uart_receive_input)
    i.uart_transmit_output                   0x08003bf0   Section        0  protocol.o(i.uart_transmit_output)
    i.wifi_protocol_init                     0x08003c04   Section        0  mcu_api.o(i.wifi_protocol_init)
    i.wifi_uart_service                      0x08003c30   Section        0  mcu_api.o(i.wifi_uart_service)
    i.wifi_uart_write_frame                  0x08003cd8   Section        0  system.o(i.wifi_uart_write_frame)
    i.with_data_rxbuff                       0x08003d20   Section        0  system.o(i.with_data_rxbuff)
    .constdata                               0x08003d38   Section       25  system_stm32l0xx.o(.constdata)
    .constdata                               0x08003d51   Section        8  system_stm32l0xx.o(.constdata)
    .constdata                               0x08003d59   Section       10  protocol.o(.constdata)
    .data                                    0x20000000   Section        1  motor.o(.data)
    .data                                    0x20000002   Section       10  ir.o(.data)
    .data                                    0x2000000c   Section       28  main.o(.data)
    .data                                    0x20000028   Section        1  main.o(.data)
    .data                                    0x2000002c   Section       12  stm32l0xx_hal.o(.data)
    .data                                    0x20000038   Section        4  system_stm32l0xx.o(.data)
    .data                                    0x2000003c   Section        2  mcu_api.o(.data)
    rx_in                                    0x2000003c   Data           2  mcu_api.o(.data)
    .data                                    0x20000040   Section       12  system.o(.data)
    mcu_reset_state                          0x20000040   Data           1  system.o(.data)
    .data                                    0x2000004c   Section        1  system.o(.data)
    .bss                                     0x20000050   Section       20  main.o(.bss)
    .bss                                     0x20000064   Section      164  adc.o(.bss)
    .bss                                     0x20000108   Section      132  usart.o(.bss)
    .bss                                     0x2000018c   Section      128  tim.o(.bss)
    .bss                                     0x2000020c   Section      109  system.o(.bss)
    STACK                                    0x20000280   Section     1024  startup_stm32l010x4.o(STACK)

    Global Symbols

    Symbol Name                              Value     Ov Type        Size  Object(Section)

    BuildAttributes$$THM_ISAv3M$S$PE$A:L22$X:L11$S22$IEEE1$IW$USESV6$~STKCKD$USESV7$~SHL$OSPACE$ROPI$EBA8$MICROLIB$REQ8$PRES8$EABIv2 0x00000000   Number         0  anon$$obj.o ABSOLUTE
    __ARM_use_no_argv                        0x00000000   Number         0  main.o ABSOLUTE
    _printf_a                                0x00000000   Number         0  stubs.o ABSOLUTE
    _printf_c                                0x00000000   Number         0  stubs.o ABSOLUTE
    _printf_charcount                        0x00000000   Number         0  stubs.o ABSOLUTE
    _printf_d                                0x00000000   Number         0  stubs.o ABSOLUTE
    _printf_e                                0x00000000   Number         0  stubs.o ABSOLUTE
    _printf_f                                0x00000000   Number         0  stubs.o ABSOLUTE
    _printf_flags                            0x00000000   Number         0  stubs.o ABSOLUTE
    _printf_fp_dec                           0x00000000   Number         0  stubs.o ABSOLUTE
    _printf_fp_hex                           0x00000000   Number         0  stubs.o ABSOLUTE
    _printf_g                                0x00000000   Number         0  stubs.o ABSOLUTE
    _printf_i                                0x00000000   Number         0  stubs.o ABSOLUTE
    _printf_int_dec                          0x00000000   Number         0  stubs.o ABSOLUTE
    _printf_l                                0x00000000   Number         0  stubs.o ABSOLUTE
    _printf_lc                               0x00000000   Number         0  stubs.o ABSOLUTE
    _printf_ll                               0x00000000   Number         0  stubs.o ABSOLUTE
    _printf_lld                              0x00000000   Number         0  stubs.o ABSOLUTE
    _printf_lli                              0x00000000   Number         0  stubs.o ABSOLUTE
    _printf_llo                              0x00000000   Number         0  stubs.o ABSOLUTE
    _printf_llu                              0x00000000   Number         0  stubs.o ABSOLUTE
    _printf_llx                              0x00000000   Number         0  stubs.o ABSOLUTE
    _printf_longlong_dec                     0x00000000   Number         0  stubs.o ABSOLUTE
    _printf_longlong_hex                     0x00000000   Number         0  stubs.o ABSOLUTE
    _printf_longlong_oct                     0x00000000   Number         0  stubs.o ABSOLUTE
    _printf_ls                               0x00000000   Number         0  stubs.o ABSOLUTE
    _printf_mbtowc                           0x00000000   Number         0  stubs.o ABSOLUTE
    _printf_n                                0x00000000   Number         0  stubs.o ABSOLUTE
    _printf_o                                0x00000000   Number         0  stubs.o ABSOLUTE
    _printf_p                                0x00000000   Number         0  stubs.o ABSOLUTE
    _printf_percent                          0x00000000   Number         0  stubs.o ABSOLUTE
    _printf_pre_padding                      0x00000000   Number         0  stubs.o ABSOLUTE
    _printf_return_value                     0x00000000   Number         0  stubs.o ABSOLUTE
    _printf_s                                0x00000000   Number         0  stubs.o ABSOLUTE
    _printf_sizespec                         0x00000000   Number         0  stubs.o ABSOLUTE
    _printf_str                              0x00000000   Number         0  stubs.o ABSOLUTE
    _printf_truncate_signed                  0x00000000   Number         0  stubs.o ABSOLUTE
    _printf_truncate_unsigned                0x00000000   Number         0  stubs.o ABSOLUTE
    _printf_u                                0x00000000   Number         0  stubs.o ABSOLUTE
    _printf_wc                               0x00000000   Number         0  stubs.o ABSOLUTE
    _printf_wctomb                           0x00000000   Number         0  stubs.o ABSOLUTE
    _printf_widthprec                        0x00000000   Number         0  stubs.o ABSOLUTE
    _printf_x                                0x00000000   Number         0  stubs.o ABSOLUTE
    __cpp_initialize__aeabi_                  - Undefined Weak Reference
    __cxa_finalize                            - Undefined Weak Reference
    __decompress                              - Undefined Weak Reference
    _clock_init                               - Undefined Weak Reference
    _microlib_exit                            - Undefined Weak Reference
    __Vectors_Size                           0x000000c0   Number         0  startup_stm32l010x4.o ABSOLUTE
    __Vectors                                0x08000000   Data           4  startup_stm32l010x4.o(RESET)
    __Vectors_End                            0x080000c0   Data           0  startup_stm32l010x4.o(RESET)
    __main                                   0x080000c1   Thumb Code     0  entry.o(.ARM.Collect$$$$00000000)
    _main_stk                                0x080000c1   Thumb Code     0  entry2.o(.ARM.Collect$$$$00000001)
    _main_scatterload                        0x080000c5   Thumb Code     0  entry5.o(.ARM.Collect$$$$00000004)
    __main_after_scatterload                 0x080000c9   Thumb Code     0  entry5.o(.ARM.Collect$$$$00000004)
    _main_clock                              0x080000c9   Thumb Code     0  entry7b.o(.ARM.Collect$$$$00000008)
    _main_cpp_init                           0x080000c9   Thumb Code     0  entry8b.o(.ARM.Collect$$$$0000000A)
    _main_init                               0x080000c9   Thumb Code     0  entry9a.o(.ARM.Collect$$$$0000000B)
    __rt_final_cpp                           0x080000d1   Thumb Code     0  entry10a.o(.ARM.Collect$$$$0000000D)
    __rt_final_exit                          0x080000d1   Thumb Code     0  entry11a.o(.ARM.Collect$$$$0000000F)
    Reset_Handler                            0x080000d5   Thumb Code    38  startup_stm32l010x4.o(.text)
    ADC1_IRQHandler                          0x08000105   Thumb Code     0  startup_stm32l010x4.o(.text)
    DMA1_Channel1_IRQHandler                 0x08000105   Thumb Code     0  startup_stm32l010x4.o(.text)
    DMA1_Channel2_3_IRQHandler               0x08000105   Thumb Code     0  startup_stm32l010x4.o(.text)
    DMA1_Channel4_5_IRQHandler               0x08000105   Thumb Code     0  startup_stm32l010x4.o(.text)
    FLASH_IRQHandler                         0x08000105   Thumb Code     0  startup_stm32l010x4.o(.text)
    I2C1_IRQHandler                          0x08000105   Thumb Code     0  startup_stm32l010x4.o(.text)
    LPTIM1_IRQHandler                        0x08000105   Thumb Code     0  startup_stm32l010x4.o(.text)
    RCC_IRQHandler                           0x08000105   Thumb Code     0  startup_stm32l010x4.o(.text)
    RTC_IRQHandler                           0x08000105   Thumb Code     0  startup_stm32l010x4.o(.text)
    SPI1_IRQHandler                          0x08000105   Thumb Code     0  startup_stm32l010x4.o(.text)
    USART2_IRQHandler                        0x08000105   Thumb Code     0  startup_stm32l010x4.o(.text)
    WWDG_IRQHandler                          0x08000105   Thumb Code     0  startup_stm32l010x4.o(.text)
    __aeabi_uidiv                            0x0800012d   Thumb Code     0  uidiv.o(.text)
    __aeabi_uidivmod                         0x0800012d   Thumb Code    44  uidiv.o(.text)
    __aeabi_idiv                             0x08000159   Thumb Code     0  idiv.o(.text)
    __aeabi_idivmod                          0x08000159   Thumb Code    40  idiv.o(.text)
    __aeabi_uldivmod                         0x08000181   Thumb Code    96  uldiv.o(.text)
    __aeabi_memset                           0x080001e1   Thumb Code    14  memseta.o(.text)
    __aeabi_memset4                          0x080001e1   Thumb Code     0  memseta.o(.text)
    __aeabi_memset8                          0x080001e1   Thumb Code     0  memseta.o(.text)
    __aeabi_memclr                           0x080001ef   Thumb Code     4  memseta.o(.text)
    __aeabi_memclr4                          0x080001ef   Thumb Code     0  memseta.o(.text)
    __aeabi_memclr8                          0x080001ef   Thumb Code     0  memseta.o(.text)
    _memset$wrapper                          0x080001f3   Thumb Code    18  memseta.o(.text)
    __aeabi_llsl                             0x08000205   Thumb Code    32  llshl.o(.text)
    _ll_shift_l                              0x08000205   Thumb Code     0  llshl.o(.text)
    __aeabi_llsr                             0x08000225   Thumb Code    34  llushr.o(.text)
    _ll_ushift_r                             0x08000225   Thumb Code     0  llushr.o(.text)
    __scatterload                            0x08000249   Thumb Code    28  init.o(.text)
    __scatterload_rt2                        0x08000249   Thumb Code     0  init.o(.text)
    EXTI0_1_IRQHandler                       0x08000459   Thumb Code    10  stm32l0xx_it.o(i.EXTI0_1_IRQHandler)
    EXTI2_3_IRQHandler                       0x08000463   Thumb Code    10  stm32l0xx_it.o(i.EXTI2_3_IRQHandler)
    EXTI4_15_IRQHandler                      0x0800046d   Thumb Code    12  stm32l0xx_it.o(i.EXTI4_15_IRQHandler)
    Error_Handler                            0x08000479   Thumb Code     4  main.o(i.Error_Handler)
    HAL_ADC_ConfigChannel                    0x0800047d   Thumb Code   108  stm32l0xx_hal_adc.o(i.HAL_ADC_ConfigChannel)
    HAL_ADC_ConvCpltCallback                 0x080004f1   Thumb Code     2  stm32l0xx_hal_adc.o(i.HAL_ADC_ConvCpltCallback)
    HAL_ADC_ConvHalfCpltCallback             0x080004f3   Thumb Code     2  stm32l0xx_hal_adc.o(i.HAL_ADC_ConvHalfCpltCallback)
    HAL_ADC_DeInit                           0x080004f5   Thumb Code   164  stm32l0xx_hal_adc.o(i.HAL_ADC_DeInit)
    HAL_ADC_ErrorCallback                    0x080005a9   Thumb Code     2  stm32l0xx_hal_adc.o(i.HAL_ADC_ErrorCallback)
    HAL_ADC_Init                             0x080005ad   Thumb Code   446  stm32l0xx_hal_adc.o(i.HAL_ADC_Init)
    HAL_ADC_MspDeInit                        0x08000775   Thumb Code    40  adc.o(i.HAL_ADC_MspDeInit)
    HAL_ADC_MspInit                          0x080007a5   Thumb Code   120  adc.o(i.HAL_ADC_MspInit)
    HAL_ADC_Start_DMA                        0x0800082d   Thumb Code   144  stm32l0xx_hal_adc.o(i.HAL_ADC_Start_DMA)
    HAL_ADC_Stop_DMA                         0x080008cd   Thumb Code   120  stm32l0xx_hal_adc.o(i.HAL_ADC_Stop_DMA)
    HAL_DMA_Abort                            0x08000945   Thumb Code    68  stm32l0xx_hal_dma.o(i.HAL_DMA_Abort)
    HAL_DMA_Abort_IT                         0x08000989   Thumb Code    76  stm32l0xx_hal_dma.o(i.HAL_DMA_Abort_IT)
    HAL_DMA_DeInit                           0x080009d5   Thumb Code    94  stm32l0xx_hal_dma.o(i.HAL_DMA_DeInit)
    HAL_DMA_Init                             0x08000a3d   Thumb Code   132  stm32l0xx_hal_dma.o(i.HAL_DMA_Init)
    HAL_DMA_Start_IT                         0x08000acd   Thumb Code   104  stm32l0xx_hal_dma.o(i.HAL_DMA_Start_IT)
    HAL_Delay                                0x08000b35   Thumb Code    32  stm32l0xx_hal.o(i.HAL_Delay)
    HAL_GPIO_DeInit                          0x08000b59   Thumb Code   182  stm32l0xx_hal_gpio.o(i.HAL_GPIO_DeInit)
    HAL_GPIO_EXTI_Callback                   0x08000c21   Thumb Code   296  main.o(i.HAL_GPIO_EXTI_Callback)
    HAL_GPIO_EXTI_IRQHandler                 0x08000d59   Thumb Code    18  stm32l0xx_hal_gpio.o(i.HAL_GPIO_EXTI_IRQHandler)
    HAL_GPIO_Init                            0x08000d71   Thumb Code   326  stm32l0xx_hal_gpio.o(i.HAL_GPIO_Init)
    HAL_GPIO_ReadPin                         0x08000ecd   Thumb Code    10  stm32l0xx_hal_gpio.o(i.HAL_GPIO_ReadPin)
    HAL_GPIO_WritePin                        0x08000ed7   Thumb Code    12  stm32l0xx_hal_gpio.o(i.HAL_GPIO_WritePin)
    HAL_GetTick                              0x08000ee5   Thumb Code     6  stm32l0xx_hal.o(i.HAL_GetTick)
    HAL_IncTick                              0x08000ef1   Thumb Code    12  stm32l0xx_hal.o(i.HAL_IncTick)
    HAL_Init                                 0x08000f01   Thumb Code    36  stm32l0xx_hal.o(i.HAL_Init)
    HAL_InitTick                             0x08000f29   Thumb Code    58  stm32l0xx_hal.o(i.HAL_InitTick)
    HAL_MspInit                              0x08000f6d   Thumb Code    20  stm32l0xx_hal_msp.o(i.HAL_MspInit)
    HAL_NVIC_DisableIRQ                      0x08000f85   Thumb Code    26  stm32l0xx_hal_cortex.o(i.HAL_NVIC_DisableIRQ)
    HAL_NVIC_EnableIRQ                       0x08000fa5   Thumb Code    18  stm32l0xx_hal_cortex.o(i.HAL_NVIC_EnableIRQ)
    HAL_NVIC_SetPriority                     0x08000fbd   Thumb Code     8  stm32l0xx_hal_cortex.o(i.HAL_NVIC_SetPriority)
    HAL_PWREx_EnableFastWakeUp               0x08000fc5   Thumb Code    12  stm32l0xx_hal_pwr_ex.o(i.HAL_PWREx_EnableFastWakeUp)
    HAL_PWREx_EnableUltraLowPower            0x08000fd5   Thumb Code    12  stm32l0xx_hal_pwr_ex.o(i.HAL_PWREx_EnableUltraLowPower)
    HAL_PWR_EnterSTOPMode                    0x08000fe5   Thumb Code    88  stm32l0xx_hal_pwr.o(i.HAL_PWR_EnterSTOPMode)
    HAL_RCCEx_PeriphCLKConfig                0x08001049   Thumb Code   324  stm32l0xx_hal_rcc_ex.o(i.HAL_RCCEx_PeriphCLKConfig)
    HAL_RCC_ClockConfig                      0x08001199   Thumb Code   386  stm32l0xx_hal_rcc.o(i.HAL_RCC_ClockConfig)
    HAL_RCC_GetPCLK1Freq                     0x08001335   Thumb Code    20  stm32l0xx_hal_rcc.o(i.HAL_RCC_GetPCLK1Freq)
    HAL_RCC_GetPCLK2Freq                     0x08001355   Thumb Code    20  stm32l0xx_hal_rcc.o(i.HAL_RCC_GetPCLK2Freq)
    HAL_RCC_GetSysClockFreq                  0x08001375   Thumb Code   108  stm32l0xx_hal_rcc.o(i.HAL_RCC_GetSysClockFreq)
    HAL_RCC_OscConfig                        0x080013ed   Thumb Code  1074  stm32l0xx_hal_rcc.o(i.HAL_RCC_OscConfig)
    HAL_SYSTICK_Config                       0x08001821   Thumb Code    38  stm32l0xx_hal_cortex.o(i.HAL_SYSTICK_Config)
    HAL_TIMEx_MasterConfigSynchronization    0x08001851   Thumb Code    72  stm32l0xx_hal_tim_ex.o(i.HAL_TIMEx_MasterConfigSynchronization)
    HAL_TIM_Base_Init                        0x0800189d   Thumb Code    62  stm32l0xx_hal_tim.o(i.HAL_TIM_Base_Init)
    HAL_TIM_Base_MspDeInit                   0x080018dd   Thumb Code    58  tim.o(i.HAL_TIM_Base_MspDeInit)
    HAL_TIM_Base_MspInit                     0x08001921   Thumb Code   118  tim.o(i.HAL_TIM_Base_MspInit)
    HAL_TIM_Base_Start                       0x080019a1   Thumb Code    54  stm32l0xx_hal_tim.o(i.HAL_TIM_Base_Start)
    HAL_TIM_Base_Start_IT                    0x080019dd   Thumb Code    62  stm32l0xx_hal_tim.o(i.HAL_TIM_Base_Start_IT)
    HAL_TIM_Base_Stop                        0x08001a21   Thumb Code    28  stm32l0xx_hal_tim.o(i.HAL_TIM_Base_Stop)
    HAL_TIM_ConfigClockSource                0x08001a41   Thumb Code   208  stm32l0xx_hal_tim.o(i.HAL_TIM_ConfigClockSource)
    HAL_TIM_IC_CaptureCallback               0x08001b11   Thumb Code    68  main.o(i.HAL_TIM_IC_CaptureCallback)
    HAL_TIM_IC_ConfigChannel                 0x08001b65   Thumb Code   282  stm32l0xx_hal_tim.o(i.HAL_TIM_IC_ConfigChannel)
    HAL_TIM_IC_Init                          0x08001c7f   Thumb Code    62  stm32l0xx_hal_tim.o(i.HAL_TIM_IC_Init)
    HAL_TIM_IC_MspInit                       0x08001cbd   Thumb Code     2  stm32l0xx_hal_tim.o(i.HAL_TIM_IC_MspInit)
    HAL_TIM_IC_Start_IT                      0x08001cc1   Thumb Code   152  stm32l0xx_hal_tim.o(i.HAL_TIM_IC_Start_IT)
    HAL_TIM_IC_Stop_IT                       0x08001d5d   Thumb Code   112  stm32l0xx_hal_tim.o(i.HAL_TIM_IC_Stop_IT)
    HAL_TIM_IRQHandler                       0x08001dd1   Thumb Code   294  stm32l0xx_hal_tim.o(i.HAL_TIM_IRQHandler)
    HAL_TIM_OC_DelayElapsedCallback          0x08001ef7   Thumb Code     2  stm32l0xx_hal_tim.o(i.HAL_TIM_OC_DelayElapsedCallback)
    HAL_TIM_PWM_PulseFinishedCallback        0x08001ef9   Thumb Code     2  stm32l0xx_hal_tim.o(i.HAL_TIM_PWM_PulseFinishedCallback)
    HAL_TIM_PeriodElapsedCallback            0x08001efd   Thumb Code    38  main.o(i.HAL_TIM_PeriodElapsedCallback)
    HAL_TIM_ReadCapturedValue                0x08001f2d   Thumb Code    44  stm32l0xx_hal_tim.o(i.HAL_TIM_ReadCapturedValue)
    HAL_TIM_TriggerCallback                  0x08001f59   Thumb Code     2  stm32l0xx_hal_tim.o(i.HAL_TIM_TriggerCallback)
    HAL_UARTEx_DisableStopMode               0x08001f5b   Thumb Code    34  stm32l0xx_hal_uart_ex.o(i.HAL_UARTEx_DisableStopMode)
    HAL_UARTEx_EnableStopMode                0x08001f7d   Thumb Code    34  stm32l0xx_hal_uart_ex.o(i.HAL_UARTEx_EnableStopMode)
    HAL_UARTEx_RxEventCallback               0x08001f9f   Thumb Code     2  stm32l0xx_hal_uart.o(i.HAL_UARTEx_RxEventCallback)
    HAL_UARTEx_WakeupCallback                0x08001fa1   Thumb Code     2  stm32l0xx_hal_uart_ex.o(i.HAL_UARTEx_WakeupCallback)
    HAL_UART_ErrorCallback                   0x08001fa3   Thumb Code     2  stm32l0xx_hal_uart.o(i.HAL_UART_ErrorCallback)
    HAL_UART_IRQHandler                      0x08001fa5   Thumb Code   530  stm32l0xx_hal_uart.o(i.HAL_UART_IRQHandler)
    HAL_UART_Init                            0x080021c5   Thumb Code   106  stm32l0xx_hal_uart.o(i.HAL_UART_Init)
    HAL_UART_MspInit                         0x08002231   Thumb Code    96  usart.o(i.HAL_UART_MspInit)
    HAL_UART_Receive_IT                      0x08002299   Thumb Code    92  stm32l0xx_hal_uart.o(i.HAL_UART_Receive_IT)
    HAL_UART_RxCpltCallback                  0x080022f9   Thumb Code    34  main.o(i.HAL_UART_RxCpltCallback)
    HAL_UART_Transmit                        0x08002329   Thumb Code   210  stm32l0xx_hal_uart.o(i.HAL_UART_Transmit)
    HAL_UART_TxCpltCallback                  0x080023fb   Thumb Code     2  stm32l0xx_hal_uart.o(i.HAL_UART_TxCpltCallback)
    HardFault_Handler                        0x080023fd   Thumb Code     2  stm32l0xx_it.o(i.HardFault_Handler)
    IR_CaptureCallback                       0x08002401   Thumb Code   248  ir.o(i.IR_CaptureCallback)
    IR_Init                                  0x08002511   Thumb Code    32  ir.o(i.IR_Init)
    IR_Scanf                                 0x08002535   Thumb Code    54  ir.o(i.IR_Scanf)
    LPUART1_IRQHandler                       0x08002571   Thumb Code    10  stm32l0xx_it.o(i.LPUART1_IRQHandler)
    MX_ADC_Init                              0x08002581   Thumb Code   100  adc.o(i.MX_ADC_Init)
    MX_DMA_Init                              0x080025f1   Thumb Code    20  dma.o(i.MX_DMA_Init)
    MX_GPIO_Init                             0x08002609   Thumb Code   214  gpio.o(i.MX_GPIO_Init)
    MX_LPUART1_UART_Init                     0x080026f5   Thumb Code    46  usart.o(i.MX_LPUART1_UART_Init)
    MX_TIM21_Init                            0x0800272d   Thumb Code    98  tim.o(i.MX_TIM21_Init)
    MX_TIM2_Init                             0x080027a1   Thumb Code   152  tim.o(i.MX_TIM2_Init)
    NMI_Handler                              0x08002841   Thumb Code     2  stm32l0xx_it.o(i.NMI_Handler)
    PendSV_Handler                           0x08002843   Thumb Code     2  stm32l0xx_it.o(i.PendSV_Handler)
    SVC_Handler                              0x08002845   Thumb Code     2  stm32l0xx_it.o(i.SVC_Handler)
    SysTick_Handler                          0x08002847   Thumb Code     8  stm32l0xx_it.o(i.SysTick_Handler)
    SystemClock_Config                       0x08002851   Thumb Code   128  main.o(i.SystemClock_Config)
    SystemInit                               0x080028d5   Thumb Code     2  system_stm32l0xx.o(i.SystemInit)
    TIM21_IRQHandler                         0x080028d9   Thumb Code    10  stm32l0xx_it.o(i.TIM21_IRQHandler)
    TIM2_IRQHandler                          0x080028e9   Thumb Code    10  stm32l0xx_it.o(i.TIM2_IRQHandler)
    UART_AdvFeatureConfig                    0x08002a43   Thumb Code   202  stm32l0xx_hal_uart.o(i.UART_AdvFeatureConfig)
    UART_CheckIdleState                      0x08002b0d   Thumb Code    94  stm32l0xx_hal_uart.o(i.UART_CheckIdleState)
    UART_SetConfig                           0x08002ca5   Thumb Code   448  stm32l0xx_hal_uart.o(i.UART_SetConfig)
    UART_Start_Receive_IT                    0x08002e81   Thumb Code   138  stm32l0xx_hal_uart.o(i.UART_Start_Receive_IT)
    UART_WaitOnFlagUntilTimeout              0x08002f19   Thumb Code   158  stm32l0xx_hal_uart.o(i.UART_WaitOnFlagUntilTimeout)
    __0sprintf$1                             0x08002fb9   Thumb Code    36  printf1.o(i.__0sprintf$1)
    __1sprintf$1                             0x08002fb9   Thumb Code     0  printf1.o(i.__0sprintf$1)
    __2sprintf                               0x08002fb9   Thumb Code     0  printf1.o(i.__0sprintf$1)
    __ARM_common_ll_muluu                    0x08002fe1   Thumb Code    48  stm32l0xx_hal_rcc.o(i.__ARM_common_ll_muluu)
    __ARM_common_switch8                     0x08003011   Thumb Code    26  stm32l0xx_hal_dma.o(i.__ARM_common_switch8)
    __scatterload_copy                       0x08003071   Thumb Code    14  handlers.o(i.__scatterload_copy)
    __scatterload_null                       0x0800307f   Thumb Code     2  handlers.o(i.__scatterload_null)
    __scatterload_zeroinit                   0x08003081   Thumb Code    14  handlers.o(i.__scatterload_zeroinit)
    adcbat                                   0x080031ed   Thumb Code   132  main.o(i.adcbat)
    all_data_update                          0x0800327d   Thumb Code    54  protocol.o(i.all_data_update)
    byte_to_int                              0x080032c9   Thumb Code    22  mcu_api.o(i.byte_to_int)
    close                                    0x080032e1   Thumb Code    94  motor.o(i.close)
    data_handle                              0x08003359   Thumb Code   240  system.o(i.data_handle)
    dp_download_handle                       0x08003455   Thumb Code   136  protocol.o(i.dp_download_handle)
    enter_stop_mode                          0x08003531   Thumb Code    72  stop.o(i.enter_stop_mode)
    get_check_sum                            0x08003581   Thumb Code    28  system.o(i.get_check_sum)
    get_download_cmd_total                   0x0800359d   Thumb Code     4  protocol.o(i.get_download_cmd_total)
    main                                     0x080035a1   Thumb Code   406  main.o(i.main)
    mcu_dp_bool_update                       0x08003759   Thumb Code    66  mcu_api.o(i.mcu_dp_bool_update)
    mcu_dp_enum_update                       0x080037a1   Thumb Code    58  mcu_api.o(i.mcu_dp_enum_update)
    mcu_dp_value_update                      0x080037e1   Thumb Code    80  mcu_api.o(i.mcu_dp_value_update)
    mcu_get_dp_download_bool                 0x08003835   Thumb Code     4  mcu_api.o(i.mcu_get_dp_download_bool)
    mcu_get_dp_download_enum                 0x08003839   Thumb Code     4  mcu_api.o(i.mcu_get_dp_download_enum)
    mcu_get_dp_download_value                0x0800383d   Thumb Code     8  mcu_api.o(i.mcu_get_dp_download_value)
    mcu_get_wifi_work_state                  0x08003845   Thumb Code     6  mcu_api.o(i.mcu_get_wifi_work_state)
    mcu_reset_wifi                           0x08003851   Thumb Code    20  mcu_api.o(i.mcu_reset_wifi)
    my_memcpy                                0x08003869   Thumb Code    64  mcu_api.o(i.my_memcpy)
    my_strlen                                0x080038a9   Thumb Code    22  mcu_api.o(i.my_strlen)
    open                                     0x080038c1   Thumb Code    92  motor.o(i.open)
    set_wifi_uart_buffer                     0x08003a2d   Thumb Code    22  system.o(i.set_wifi_uart_buffer)
    set_wifi_uart_byte                       0x08003a49   Thumb Code    12  system.o(i.set_wifi_uart_byte)
    stop                                     0x08003a59   Thumb Code   158  motor.o(i.stop)
    stop_exit_config                         0x08003b0d   Thumb Code    68  stop.o(i.stop_exit_config)
    system_config_before_stop                0x08003b59   Thumb Code    44  stop.o(i.system_config_before_stop)
    take_byte_rxbuff                         0x08003b8d   Thumb Code    30  system.o(i.take_byte_rxbuff)
    uart_receive_input                       0x08003bb5   Thumb Code    46  mcu_api.o(i.uart_receive_input)
    uart_transmit_output                     0x08003bf1   Thumb Code    16  protocol.o(i.uart_transmit_output)
    wifi_protocol_init                       0x08003c05   Thumb Code    24  mcu_api.o(i.wifi_protocol_init)
    wifi_uart_service                        0x08003c31   Thumb Code   160  mcu_api.o(i.wifi_uart_service)
    wifi_uart_write_frame                    0x08003cd9   Thumb Code    68  system.o(i.wifi_uart_write_frame)
    with_data_rxbuff                         0x08003d21   Thumb Code    18  system.o(i.with_data_rxbuff)
    AHBPrescTable                            0x08003d38   Data          16  system_stm32l0xx.o(.constdata)
    PLLMulTable                              0x08003d48   Data           9  system_stm32l0xx.o(.constdata)
    APBPrescTable                            0x08003d51   Data           8  system_stm32l0xx.o(.constdata)
    download_cmd                             0x08003d59   Data          10  protocol.o(.constdata)
    Region$$Table$$Base                      0x08003d64   Number         0  anon$$obj.o(Region$$Table)
    Region$$Table$$Limit                     0x08003d84   Number         0  anon$$obj.o(Region$$Table)
    Last_STATE                               0x20000000   Data           1  motor.o(.data)
    CaptureFlag                              0x20000002   Data           1  ir.o(.data)
    IRFlag                                   0x20000003   Data           1  ir.o(.data)
    IRReceiveFlag                            0x20000004   Data           1  ir.o(.data)
    CaptureBuf                               0x20000006   Data           2  ir.o(.data)
    IRData                                   0x20000008   Data           4  ir.o(.data)
    hall_flag                                0x2000000c   Data           1  main.o(.data)
    CONTROL                                  0x2000000d   Data           1  main.o(.data)
    AUTO_POWER                               0x2000000e   Data           1  main.o(.data)
    PERCENT_STATE                            0x2000000f   Data           1  main.o(.data)
    BATTERY_PERCENTAGE                       0x20000010   Data           1  main.o(.data)
    time                                     0x20000012   Data           2  main.o(.data)
    now                                      0x20000014   Data           2  main.o(.data)
    min                                      0x20000016   Data           2  main.o(.data)
    max                                      0x20000018   Data           2  main.o(.data)
    now_control                              0x2000001a   Data           2  main.o(.data)
    time1                                    0x2000001c   Data           2  main.o(.data)
    time2                                    0x2000001e   Data           2  main.o(.data)
    rx_temp                                  0x20000020   Data           2  main.o(.data)
    temp                                     0x20000024   Data           4  main.o(.data)
    PERCENT_CONTROL                          0x20000028   Data           1  main.o(.data)
    uwTickFreq                               0x2000002c   Data           1  stm32l0xx_hal.o(.data)
    uwTickPrio                               0x20000030   Data           4  stm32l0xx_hal.o(.data)
    uwTick                                   0x20000034   Data           4  stm32l0xx_hal.o(.data)
    SystemCoreClock                          0x20000038   Data           4  system_stm32l0xx.o(.data)
    reset_wifi_flag                          0x20000041   Data           1  system.o(.data)
    set_wifimode_flag                        0x20000042   Data           1  system.o(.data)
    wifi_work_state                          0x20000043   Data           1  system.o(.data)
    rx_buf_in                                0x20000044   Data           4  system.o(.data)
    rx_buf_out                               0x20000048   Data           4  system.o(.data)
    stop_update_flag                         0x2000004c   Data           1  system.o(.data)
    adcbuf                                   0x20000050   Data          20  main.o(.bss)
    hadc                                     0x20000064   Data          92  adc.o(.bss)
    hdma_adc                                 0x200000c0   Data          72  adc.o(.bss)
    hlpuart1                                 0x20000108   Data         132  usart.o(.bss)
    htim2                                    0x2000018c   Data          64  tim.o(.bss)
    htim21                                   0x200001cc   Data          64  tim.o(.bss)
    wifi_data_process_buf                    0x2000020c   Data          31  system.o(.bss)
    wifi_uart_rx_buf                         0x2000022b   Data          23  system.o(.bss)
    wifi_uart_tx_buf                         0x20000242   Data          55  system.o(.bss)
    __initial_sp                             0x20000680   Data           0  startup_stm32l010x4.o(STACK)



==============================================================================

Memory Map of the image

  Image Entry point : 0x080000c1

  Load Region LR_IROM1 (Base: 0x08000000, Size: 0x00003dd4, Max: 0x00004000, ABSOLUTE)

    Execution Region ER_IROM1 (Exec base: 0x08000000, Load base: 0x08000000, Size: 0x00003d84, Max: 0x00004000, ABSOLUTE)

    Exec Addr    Load Addr    Size         Type   Attr      Idx    E Section Name        Object

    0x08000000   0x08000000   0x000000c0   Data   RO            3    RESET               startup_stm32l010x4.o
    0x080000c0   0x080000c0   0x00000000   Code   RO         3904  * .ARM.Collect$$$$00000000  mc_p.l(entry.o)
    0x080000c0   0x080000c0   0x00000004   Code   RO         4176    .ARM.Collect$$$$00000001  mc_p.l(entry2.o)
    0x080000c4   0x080000c4   0x00000004   Code   RO         4179    .ARM.Collect$$$$00000004  mc_p.l(entry5.o)
    0x080000c8   0x080000c8   0x00000000   Code   RO         4181    .ARM.Collect$$$$00000008  mc_p.l(entry7b.o)
    0x080000c8   0x080000c8   0x00000000   Code   RO         4183    .ARM.Collect$$$$0000000A  mc_p.l(entry8b.o)
    0x080000c8   0x080000c8   0x00000008   Code   RO         4184    .ARM.Collect$$$$0000000B  mc_p.l(entry9a.o)
    0x080000d0   0x080000d0   0x00000000   Code   RO         4186    .ARM.Collect$$$$0000000D  mc_p.l(entry10a.o)
    0x080000d0   0x080000d0   0x00000000   Code   RO         4188    .ARM.Collect$$$$0000000F  mc_p.l(entry11a.o)
    0x080000d0   0x080000d0   0x00000004   Code   RO         4177    .ARM.Collect$$$$00002712  mc_p.l(entry2.o)
    0x080000d4   0x080000d4   0x00000058   Code   RO            4    .text               startup_stm32l010x4.o
    0x0800012c   0x0800012c   0x0000002c   Code   RO         3907    .text               mc_p.l(uidiv.o)
    0x08000158   0x08000158   0x00000028   Code   RO         3909    .text               mc_p.l(idiv.o)
    0x08000180   0x08000180   0x00000060   Code   RO         3911    .text               mc_p.l(uldiv.o)
    0x080001e0   0x080001e0   0x00000024   Code   RO         3913    .text               mc_p.l(memseta.o)
    0x08000204   0x08000204   0x00000020   Code   RO         4191    .text               mc_p.l(llshl.o)
    0x08000224   0x08000224   0x00000022   Code   RO         4193    .text               mc_p.l(llushr.o)
    0x08000246   0x08000246   0x00000002   PAD
    0x08000248   0x08000248   0x00000024   Code   RO         4206    .text               mc_p.l(init.o)
    0x0800026c   0x0800026c   0x00000052   Code   RO          607    i.ADC_ConversionStop  stm32l0xx_hal_adc.o
    0x080002be   0x080002be   0x0000006e   Code   RO          608    i.ADC_DMAConvCplt   stm32l0xx_hal_adc.o
    0x0800032c   0x0800032c   0x0000001a   Code   RO          609    i.ADC_DMAError      stm32l0xx_hal_adc.o
    0x08000346   0x08000346   0x0000000a   Code   RO          610    i.ADC_DMAHalfConvCplt  stm32l0xx_hal_adc.o
    0x08000350   0x08000350   0x00000060   Code   RO          611    i.ADC_Disable       stm32l0xx_hal_adc.o
    0x080003b0   0x080003b0   0x0000007c   Code   RO          612    i.ADC_Enable        stm32l0xx_hal_adc.o
    0x0800042c   0x0800042c   0x0000002c   Code   RO         1996    i.DMA_SetConfig     stm32l0xx_hal_dma.o
    0x08000458   0x08000458   0x0000000a   Code   RO          503    i.EXTI0_1_IRQHandler  stm32l0xx_it.o
    0x08000462   0x08000462   0x0000000a   Code   RO          504    i.EXTI2_3_IRQHandler  stm32l0xx_it.o
    0x0800046c   0x0800046c   0x0000000c   Code   RO          505    i.EXTI4_15_IRQHandler  stm32l0xx_it.o
    0x08000478   0x08000478   0x00000004   Code   RO          270    i.Error_Handler     main.o
    0x0800047c   0x0800047c   0x00000074   Code   RO          614    i.HAL_ADC_ConfigChannel  stm32l0xx_hal_adc.o
    0x080004f0   0x080004f0   0x00000002   Code   RO          615    i.HAL_ADC_ConvCpltCallback  stm32l0xx_hal_adc.o
    0x080004f2   0x080004f2   0x00000002   Code   RO          616    i.HAL_ADC_ConvHalfCpltCallback  stm32l0xx_hal_adc.o
    0x080004f4   0x080004f4   0x000000b4   Code   RO          617    i.HAL_ADC_DeInit    stm32l0xx_hal_adc.o
    0x080005a8   0x080005a8   0x00000002   Code   RO          618    i.HAL_ADC_ErrorCallback  stm32l0xx_hal_adc.o
    0x080005aa   0x080005aa   0x00000002   PAD
    0x080005ac   0x080005ac   0x000001c8   Code   RO          623    i.HAL_ADC_Init      stm32l0xx_hal_adc.o
    0x08000774   0x08000774   0x00000030   Code   RO          363    i.HAL_ADC_MspDeInit  adc.o
    0x080007a4   0x080007a4   0x00000088   Code   RO          364    i.HAL_ADC_MspInit   adc.o
    0x0800082c   0x0800082c   0x000000a0   Code   RO          630    i.HAL_ADC_Start_DMA  stm32l0xx_hal_adc.o
    0x080008cc   0x080008cc   0x00000078   Code   RO          633    i.HAL_ADC_Stop_DMA  stm32l0xx_hal_adc.o
    0x08000944   0x08000944   0x00000044   Code   RO         1997    i.HAL_DMA_Abort     stm32l0xx_hal_dma.o
    0x08000988   0x08000988   0x0000004c   Code   RO         1998    i.HAL_DMA_Abort_IT  stm32l0xx_hal_dma.o
    0x080009d4   0x080009d4   0x00000068   Code   RO         1999    i.HAL_DMA_DeInit    stm32l0xx_hal_dma.o
    0x08000a3c   0x08000a3c   0x00000090   Code   RO         2003    i.HAL_DMA_Init      stm32l0xx_hal_dma.o
    0x08000acc   0x08000acc   0x00000068   Code   RO         2007    i.HAL_DMA_Start_IT  stm32l0xx_hal_dma.o
    0x08000b34   0x08000b34   0x00000024   Code   RO          848    i.HAL_Delay         stm32l0xx_hal.o
    0x08000b58   0x08000b58   0x000000c8   Code   RO         1934    i.HAL_GPIO_DeInit   stm32l0xx_hal_gpio.o
    0x08000c20   0x08000c20   0x00000138   Code   RO          271    i.HAL_GPIO_EXTI_Callback  main.o
    0x08000d58   0x08000d58   0x00000018   Code   RO         1936    i.HAL_GPIO_EXTI_IRQHandler  stm32l0xx_hal_gpio.o
    0x08000d70   0x08000d70   0x0000015c   Code   RO         1937    i.HAL_GPIO_Init     stm32l0xx_hal_gpio.o
    0x08000ecc   0x08000ecc   0x0000000a   Code   RO         1939    i.HAL_GPIO_ReadPin  stm32l0xx_hal_gpio.o
    0x08000ed6   0x08000ed6   0x0000000c   Code   RO         1941    i.HAL_GPIO_WritePin  stm32l0xx_hal_gpio.o
    0x08000ee2   0x08000ee2   0x00000002   PAD
    0x08000ee4   0x08000ee4   0x0000000c   Code   RO          852    i.HAL_GetTick       stm32l0xx_hal.o
    0x08000ef0   0x08000ef0   0x00000010   Code   RO          858    i.HAL_IncTick       stm32l0xx_hal.o
    0x08000f00   0x08000f00   0x00000028   Code   RO          859    i.HAL_Init          stm32l0xx_hal.o
    0x08000f28   0x08000f28   0x00000044   Code   RO          860    i.HAL_InitTick      stm32l0xx_hal.o
    0x08000f6c   0x08000f6c   0x00000018   Code   RO          587    i.HAL_MspInit       stm32l0xx_hal_msp.o
    0x08000f84   0x08000f84   0x00000020   Code   RO         2232    i.HAL_NVIC_DisableIRQ  stm32l0xx_hal_cortex.o
    0x08000fa4   0x08000fa4   0x00000018   Code   RO         2233    i.HAL_NVIC_EnableIRQ  stm32l0xx_hal_cortex.o
    0x08000fbc   0x08000fbc   0x00000008   Code   RO         2237    i.HAL_NVIC_SetPriority  stm32l0xx_hal_cortex.o
    0x08000fc4   0x08000fc4   0x00000010   Code   RO         2178    i.HAL_PWREx_EnableFastWakeUp  stm32l0xx_hal_pwr_ex.o
    0x08000fd4   0x08000fd4   0x00000010   Code   RO         2180    i.HAL_PWREx_EnableUltraLowPower  stm32l0xx_hal_pwr_ex.o
    0x08000fe4   0x08000fe4   0x00000064   Code   RO         2100    i.HAL_PWR_EnterSTOPMode  stm32l0xx_hal_pwr.o
    0x08001048   0x08001048   0x00000150   Code   RO         1624    i.HAL_RCCEx_PeriphCLKConfig  stm32l0xx_hal_rcc_ex.o
    0x08001198   0x08001198   0x0000019c   Code   RO         1541    i.HAL_RCC_ClockConfig  stm32l0xx_hal_rcc.o
    0x08001334   0x08001334   0x00000020   Code   RO         1546    i.HAL_RCC_GetPCLK1Freq  stm32l0xx_hal_rcc.o
    0x08001354   0x08001354   0x00000020   Code   RO         1547    i.HAL_RCC_GetPCLK2Freq  stm32l0xx_hal_rcc.o
    0x08001374   0x08001374   0x00000078   Code   RO         1548    i.HAL_RCC_GetSysClockFreq  stm32l0xx_hal_rcc.o
    0x080013ec   0x080013ec   0x00000432   Code   RO         1550    i.HAL_RCC_OscConfig  stm32l0xx_hal_rcc.o
    0x0800181e   0x0800181e   0x00000002   PAD
    0x08001820   0x08001820   0x00000030   Code   RO         2241    i.HAL_SYSTICK_Config  stm32l0xx_hal_cortex.o
    0x08001850   0x08001850   0x0000004c   Code   RO         3558    i.HAL_TIMEx_MasterConfigSynchronization  stm32l0xx_hal_tim_ex.o
    0x0800189c   0x0800189c   0x0000003e   Code   RO         2863    i.HAL_TIM_Base_Init  stm32l0xx_hal_tim.o
    0x080018da   0x080018da   0x00000002   PAD
    0x080018dc   0x080018dc   0x00000044   Code   RO          459    i.HAL_TIM_Base_MspDeInit  tim.o
    0x08001920   0x08001920   0x00000080   Code   RO          460    i.HAL_TIM_Base_MspInit  tim.o
    0x080019a0   0x080019a0   0x0000003c   Code   RO         2866    i.HAL_TIM_Base_Start  stm32l0xx_hal_tim.o
    0x080019dc   0x080019dc   0x00000044   Code   RO         2868    i.HAL_TIM_Base_Start_IT  stm32l0xx_hal_tim.o
    0x08001a20   0x08001a20   0x00000020   Code   RO         2869    i.HAL_TIM_Base_Stop  stm32l0xx_hal_tim.o
    0x08001a40   0x08001a40   0x000000d0   Code   RO         2872    i.HAL_TIM_ConfigClockSource  stm32l0xx_hal_tim.o
    0x08001b10   0x08001b10   0x00000054   Code   RO          272    i.HAL_TIM_IC_CaptureCallback  main.o
    0x08001b64   0x08001b64   0x0000011a   Code   RO         2899    i.HAL_TIM_IC_ConfigChannel  stm32l0xx_hal_tim.o
    0x08001c7e   0x08001c7e   0x0000003e   Code   RO         2902    i.HAL_TIM_IC_Init   stm32l0xx_hal_tim.o
    0x08001cbc   0x08001cbc   0x00000002   Code   RO         2904    i.HAL_TIM_IC_MspInit  stm32l0xx_hal_tim.o
    0x08001cbe   0x08001cbe   0x00000002   PAD
    0x08001cc0   0x08001cc0   0x0000009c   Code   RO         2907    i.HAL_TIM_IC_Start_IT  stm32l0xx_hal_tim.o
    0x08001d5c   0x08001d5c   0x00000074   Code   RO         2910    i.HAL_TIM_IC_Stop_IT  stm32l0xx_hal_tim.o
    0x08001dd0   0x08001dd0   0x00000126   Code   RO         2911    i.HAL_TIM_IRQHandler  stm32l0xx_hal_tim.o
    0x08001ef6   0x08001ef6   0x00000002   Code   RO         2914    i.HAL_TIM_OC_DelayElapsedCallback  stm32l0xx_hal_tim.o
    0x08001ef8   0x08001ef8   0x00000002   Code   RO         2941    i.HAL_TIM_PWM_PulseFinishedCallback  stm32l0xx_hal_tim.o
    0x08001efa   0x08001efa   0x00000002   PAD
    0x08001efc   0x08001efc   0x00000030   Code   RO          273    i.HAL_TIM_PeriodElapsedCallback  main.o
    0x08001f2c   0x08001f2c   0x0000002c   Code   RO         2951    i.HAL_TIM_ReadCapturedValue  stm32l0xx_hal_tim.o
    0x08001f58   0x08001f58   0x00000002   Code   RO         2954    i.HAL_TIM_TriggerCallback  stm32l0xx_hal_tim.o
    0x08001f5a   0x08001f5a   0x00000022   Code   RO         2784    i.HAL_UARTEx_DisableStopMode  stm32l0xx_hal_uart_ex.o
    0x08001f7c   0x08001f7c   0x00000022   Code   RO         2786    i.HAL_UARTEx_EnableStopMode  stm32l0xx_hal_uart_ex.o
    0x08001f9e   0x08001f9e   0x00000002   Code   RO         2402    i.HAL_UARTEx_RxEventCallback  stm32l0xx_hal_uart.o
    0x08001fa0   0x08001fa0   0x00000002   Code   RO         2791    i.HAL_UARTEx_WakeupCallback  stm32l0xx_hal_uart_ex.o
    0x08001fa2   0x08001fa2   0x00000002   Code   RO         2418    i.HAL_UART_ErrorCallback  stm32l0xx_hal_uart.o
    0x08001fa4   0x08001fa4   0x00000220   Code   RO         2421    i.HAL_UART_IRQHandler  stm32l0xx_hal_uart.o
    0x080021c4   0x080021c4   0x0000006a   Code   RO         2422    i.HAL_UART_Init     stm32l0xx_hal_uart.o
    0x0800222e   0x0800222e   0x00000002   PAD
    0x08002230   0x08002230   0x00000068   Code   RO          422    i.HAL_UART_MspInit  usart.o
    0x08002298   0x08002298   0x00000060   Code   RO         2427    i.HAL_UART_Receive_IT  stm32l0xx_hal_uart.o
    0x080022f8   0x080022f8   0x00000030   Code   RO          274    i.HAL_UART_RxCpltCallback  main.o
    0x08002328   0x08002328   0x000000d2   Code   RO         2431    i.HAL_UART_Transmit  stm32l0xx_hal_uart.o
    0x080023fa   0x080023fa   0x00000002   Code   RO         2434    i.HAL_UART_TxCpltCallback  stm32l0xx_hal_uart.o
    0x080023fc   0x080023fc   0x00000002   Code   RO          506    i.HardFault_Handler  stm32l0xx_it.o
    0x080023fe   0x080023fe   0x00000002   PAD
    0x08002400   0x08002400   0x00000110   Code   RO          180    i.IR_CaptureCallback  ir.o
    0x08002510   0x08002510   0x00000024   Code   RO          181    i.IR_Init           ir.o
    0x08002534   0x08002534   0x0000003c   Code   RO          182    i.IR_Scanf          ir.o
    0x08002570   0x08002570   0x00000010   Code   RO          507    i.LPUART1_IRQHandler  stm32l0xx_it.o
    0x08002580   0x08002580   0x00000070   Code   RO          365    i.MX_ADC_Init       adc.o
    0x080025f0   0x080025f0   0x00000018   Code   RO          401    i.MX_DMA_Init       dma.o
    0x08002608   0x08002608   0x000000ec   Code   RO          343    i.MX_GPIO_Init      gpio.o
    0x080026f4   0x080026f4   0x00000038   Code   RO          423    i.MX_LPUART1_UART_Init  usart.o
    0x0800272c   0x0800272c   0x00000074   Code   RO          461    i.MX_TIM21_Init     tim.o
    0x080027a0   0x080027a0   0x000000a0   Code   RO          462    i.MX_TIM2_Init      tim.o
    0x08002840   0x08002840   0x00000002   Code   RO          508    i.NMI_Handler       stm32l0xx_it.o
    0x08002842   0x08002842   0x00000002   Code   RO          509    i.PendSV_Handler    stm32l0xx_it.o
    0x08002844   0x08002844   0x00000002   Code   RO          510    i.SVC_Handler       stm32l0xx_it.o
    0x08002846   0x08002846   0x00000008   Code   RO          511    i.SysTick_Handler   stm32l0xx_it.o
    0x0800284e   0x0800284e   0x00000002   PAD
    0x08002850   0x08002850   0x00000084   Code   RO          275    i.SystemClock_Config  main.o
    0x080028d4   0x080028d4   0x00000002   Code   RO         3585    i.SystemInit        system_stm32l0xx.o
    0x080028d6   0x080028d6   0x00000002   PAD
    0x080028d8   0x080028d8   0x00000010   Code   RO          512    i.TIM21_IRQHandler  stm32l0xx_it.o
    0x080028e8   0x080028e8   0x00000010   Code   RO          513    i.TIM2_IRQHandler   stm32l0xx_it.o
    0x080028f8   0x080028f8   0x00000048   Code   RO         2956    i.TIM_Base_SetConfig  stm32l0xx_hal_tim.o
    0x08002940   0x08002940   0x0000001a   Code   RO         2957    i.TIM_CCxChannelCmd  stm32l0xx_hal_tim.o
    0x0800295a   0x0800295a   0x00000016   Code   RO         2967    i.TIM_ETR_SetConfig  stm32l0xx_hal_tim.o
    0x08002970   0x08002970   0x00000010   Code   RO         2968    i.TIM_ITRx_SetConfig  stm32l0xx_hal_tim.o
    0x08002980   0x08002980   0x00000022   Code   RO         2974    i.TIM_TI1_ConfigInputStage  stm32l0xx_hal_tim.o
    0x080029a2   0x080029a2   0x00000002   PAD
    0x080029a4   0x080029a4   0x00000044   Code   RO         2975    i.TIM_TI1_SetConfig  stm32l0xx_hal_tim.o
    0x080029e8   0x080029e8   0x00000026   Code   RO         2976    i.TIM_TI2_ConfigInputStage  stm32l0xx_hal_tim.o
    0x08002a0e   0x08002a0e   0x00000034   Code   RO         2977    i.TIM_TI2_SetConfig  stm32l0xx_hal_tim.o
    0x08002a42   0x08002a42   0x000000ca   Code   RO         2436    i.UART_AdvFeatureConfig  stm32l0xx_hal_uart.o
    0x08002b0c   0x08002b0c   0x00000064   Code   RO         2437    i.UART_CheckIdleState  stm32l0xx_hal_uart.o
    0x08002b70   0x08002b70   0x00000014   Code   RO         2438    i.UART_DMAAbortOnError  stm32l0xx_hal_uart.o
    0x08002b84   0x08002b84   0x00000032   Code   RO         2448    i.UART_EndRxTransfer  stm32l0xx_hal_uart.o
    0x08002bb6   0x08002bb6   0x00000076   Code   RO         2450    i.UART_RxISR_16BIT  stm32l0xx_hal_uart.o
    0x08002c2c   0x08002c2c   0x00000076   Code   RO         2451    i.UART_RxISR_8BIT   stm32l0xx_hal_uart.o
    0x08002ca2   0x08002ca2   0x00000002   PAD
    0x08002ca4   0x08002ca4   0x000001dc   Code   RO         2452    i.UART_SetConfig    stm32l0xx_hal_uart.o
    0x08002e80   0x08002e80   0x00000098   Code   RO         2454    i.UART_Start_Receive_IT  stm32l0xx_hal_uart.o
    0x08002f18   0x08002f18   0x0000009e   Code   RO         2457    i.UART_WaitOnFlagUntilTimeout  stm32l0xx_hal_uart.o
    0x08002fb6   0x08002fb6   0x00000002   PAD
    0x08002fb8   0x08002fb8   0x00000028   Code   RO         3962    i.__0sprintf$1      mc_p.l(printf1.o)
    0x08002fe0   0x08002fe0   0x00000030   Code   RO         1609    i.__ARM_common_ll_muluu  stm32l0xx_hal_rcc.o
    0x08003010   0x08003010   0x0000001a   Code   RO         2082    i.__ARM_common_switch8  stm32l0xx_hal_dma.o
    0x0800302a   0x0800302a   0x00000002   PAD
    0x0800302c   0x0800302c   0x00000044   Code   RO         2243    i.__NVIC_SetPriority  stm32l0xx_hal_cortex.o
    0x08003070   0x08003070   0x0000000e   Code   RO         4216    i.__scatterload_copy  mc_p.l(handlers.o)
    0x0800307e   0x0800307e   0x00000002   Code   RO         4217    i.__scatterload_null  mc_p.l(handlers.o)
    0x08003080   0x08003080   0x0000000e   Code   RO         4218    i.__scatterload_zeroinit  mc_p.l(handlers.o)
    0x0800308e   0x0800308e   0x00000002   PAD
    0x08003090   0x08003090   0x00000150   Code   RO         3967    i._printf_core      mc_p.l(printf1.o)
    0x080031e0   0x080031e0   0x0000000a   Code   RO         3969    i._sputc            mc_p.l(printf1.o)
    0x080031ea   0x080031ea   0x00000002   PAD
    0x080031ec   0x080031ec   0x00000090   Code   RO          276    i.adcbat            main.o
    0x0800327c   0x0800327c   0x0000004c   Code   RO         3792    i.all_data_update   protocol.o
    0x080032c8   0x080032c8   0x00000016   Code   RO         3618    i.byte_to_int       mcu_api.o
    0x080032de   0x080032de   0x00000002   PAD
    0x080032e0   0x080032e0   0x00000078   Code   RO           12    i.close             motor.o
    0x08003358   0x08003358   0x000000fc   Code   RO         3839    i.data_handle       system.o
    0x08003454   0x08003454   0x00000090   Code   RO         3793    i.dp_download_handle  protocol.o
    0x080034e4   0x080034e4   0x0000004c   Code   RO         3794    i.dp_download_percent_control_handle  protocol.o
    0x08003530   0x08003530   0x00000050   Code   RO          218    i.enter_stop_mode   stop.o
    0x08003580   0x08003580   0x0000001c   Code   RO         3840    i.get_check_sum     system.o
    0x0800359c   0x0800359c   0x00000004   Code   RO         3795    i.get_download_cmd_total  protocol.o
    0x080035a0   0x080035a0   0x000001b8   Code   RO          278    i.main              main.o
    0x08003758   0x08003758   0x00000048   Code   RO         3621    i.mcu_dp_bool_update  mcu_api.o
    0x080037a0   0x080037a0   0x00000040   Code   RO         3622    i.mcu_dp_enum_update  mcu_api.o
    0x080037e0   0x080037e0   0x00000054   Code   RO         3626    i.mcu_dp_value_update  mcu_api.o
    0x08003834   0x08003834   0x00000004   Code   RO         3627    i.mcu_get_dp_download_bool  mcu_api.o
    0x08003838   0x08003838   0x00000004   Code   RO         3628    i.mcu_get_dp_download_enum  mcu_api.o
    0x0800383c   0x0800383c   0x00000008   Code   RO         3629    i.mcu_get_dp_download_value  mcu_api.o
    0x08003844   0x08003844   0x0000000c   Code   RO         3631    i.mcu_get_wifi_work_state  mcu_api.o
    0x08003850   0x08003850   0x00000018   Code   RO         3633    i.mcu_reset_wifi    mcu_api.o
    0x08003868   0x08003868   0x00000040   Code   RO         3635    i.my_memcpy         mcu_api.o
    0x080038a8   0x080038a8   0x00000016   Code   RO         3639    i.my_strlen         mcu_api.o
    0x080038be   0x080038be   0x00000002   PAD
    0x080038c0   0x080038c0   0x00000074   Code   RO           13    i.open              motor.o
    0x08003934   0x08003934   0x000000f8   Code   RO         3841    i.product_info_update  system.o
    0x08003a2c   0x08003a2c   0x0000001c   Code   RO         3842    i.set_wifi_uart_buffer  system.o
    0x08003a48   0x08003a48   0x00000010   Code   RO         3843    i.set_wifi_uart_byte  system.o
    0x08003a58   0x08003a58   0x000000b4   Code   RO           14    i.stop              motor.o
    0x08003b0c   0x08003b0c   0x0000004c   Code   RO          219    i.stop_exit_config  stop.o
    0x08003b58   0x08003b58   0x00000034   Code   RO          220    i.system_config_before_stop  stop.o
    0x08003b8c   0x08003b8c   0x00000028   Code   RO         3844    i.take_byte_rxbuff  system.o
    0x08003bb4   0x08003bb4   0x0000003c   Code   RO         3641    i.uart_receive_input  mcu_api.o
    0x08003bf0   0x08003bf0   0x00000014   Code   RO         3796    i.uart_transmit_output  protocol.o
    0x08003c04   0x08003c04   0x0000002c   Code   RO         3642    i.wifi_protocol_init  mcu_api.o
    0x08003c30   0x08003c30   0x000000a8   Code   RO         3643    i.wifi_uart_service  mcu_api.o
    0x08003cd8   0x08003cd8   0x00000048   Code   RO         3845    i.wifi_uart_write_frame  system.o
    0x08003d20   0x08003d20   0x00000018   Code   RO         3846    i.with_data_rxbuff  system.o
    0x08003d38   0x08003d38   0x00000019   Data   RO         3586    .constdata          system_stm32l0xx.o
    0x08003d51   0x08003d51   0x00000008   Data   RO         3587    .constdata          system_stm32l0xx.o
    0x08003d59   0x08003d59   0x0000000a   Data   RO         3797    .constdata          protocol.o
    0x08003d63   0x08003d63   0x00000001   PAD
    0x08003d64   0x08003d64   0x00000020   Data   RO         4214    Region$$Table       anon$$obj.o


    Execution Region RW_IRAM1 (Exec base: 0x20000000, Load base: 0x08003d84, Size: 0x00000680, Max: 0x00000800, ABSOLUTE)

    Exec Addr    Load Addr    Size         Type   Attr      Idx    E Section Name        Object

    0x20000000   0x08003d84   0x00000001   Data   RW           15    .data               motor.o
    0x20000001   0x08003d85   0x00000001   PAD
    0x20000002   0x08003d86   0x0000000a   Data   RW          183    .data               ir.o
    0x2000000c   0x08003d90   0x0000001c   Data   RW          280    .data               main.o
    0x20000028   0x08003dac   0x00000001   Data   RW          281    .data               main.o
    0x20000029   0x08003dad   0x00000003   PAD
    0x2000002c   0x08003db0   0x0000000c   Data   RW          870    .data               stm32l0xx_hal.o
    0x20000038   0x08003dbc   0x00000004   Data   RW         3588    .data               system_stm32l0xx.o
    0x2000003c   0x08003dc0   0x00000002   Data   RW         3644    .data               mcu_api.o
    0x2000003e   0x08003dc2   0x00000002   PAD
    0x20000040   0x08003dc4   0x0000000c   Data   RW         3848    .data               system.o
    0x2000004c   0x08003dd0   0x00000001   Data   RW         3849    .data               system.o
    0x2000004d   0x08003dd1   0x00000003   PAD
    0x20000050        -       0x00000014   Zero   RW          279    .bss                main.o
    0x20000064        -       0x000000a4   Zero   RW          366    .bss                adc.o
    0x20000108        -       0x00000084   Zero   RW          424    .bss                usart.o
    0x2000018c        -       0x00000080   Zero   RW          463    .bss                tim.o
    0x2000020c        -       0x0000006d   Zero   RW         3847    .bss                system.o
    0x20000279   0x08003dd1   0x00000007   PAD
    0x20000280        -       0x00000400   Zero   RW            1    STACK               startup_stm32l010x4.o


==============================================================================

Image component sizes


      Code (inc. data)   RO Data    RW Data    ZI Data      Debug   Object Name

       296         36          0          0        164       2176   adc.o
        24          4          0          0          0        714   dma.o
       236         22          0          0          0        943   gpio.o
       368         34          0         10          0       2983   ir.o
      1212        106          0         29         20       5930   main.o
       652         68          0          2          0       8529   mcu_api.o
       416         72          0          1          0     306911   motor.o
       320         46         10          0          0       4339   protocol.o
        88         38        192          0       1024        640   startup_stm32l010x4.o
       172         28          0         12          0       7793   stm32l0xx_hal.o
      1486         64          0          0          0      10169   stm32l0xx_hal_adc.o
       180         30          0          0          0      11107   stm32l0xx_hal_cortex.o
       566         22          0          0          0       4718   stm32l0xx_hal_dma.o
       594         46          0          0          0       4244   stm32l0xx_hal_gpio.o
        24          4          0          0          0        430   stm32l0xx_hal_msp.o
       100         12          0          0          0        740   stm32l0xx_hal_pwr.o
        32          8          0          0          0       1017   stm32l0xx_hal_pwr_ex.o
      1718         90          0          0          0       5552   stm32l0xx_hal_rcc.o
       336         12          0          0          0       1396   stm32l0xx_hal_rcc_ex.o
      1720         34          0          0          0      16435   stm32l0xx_hal_tim.o
        76          4          0          0          0       1196   stm32l0xx_hal_tim_ex.o
      2356         90          0          0          0      13561   stm32l0xx_hal_uart.o
        70          0          0          0          0       2245   stm32l0xx_hal_uart_ex.o
        96         18          0          0          0       4805   stm32l0xx_it.o
       208         24          0          0          0       1901   stop.o
       708        128          0         13        109       7995   system.o
         2          0         33          4          0       1147   system_stm32l0xx.o
       472         46          0          0        128       2950   tim.o
       160         18          0          0        132       1597   usart.o

    ----------------------------------------------------------------------
     14720       1104        268         80       1584     434163   Object Totals
         0          0         32          0          0          0   (incl. Generated)
        32          0          1          9          7          0   (incl. Padding)

    ----------------------------------------------------------------------

      Code (inc. data)   RO Data    RW Data    ZI Data      Debug   Library Member Name

         0          0          0          0          0          0   entry.o
         0          0          0          0          0          0   entry10a.o
         0          0          0          0          0          0   entry11a.o
         8          4          0          0          0          0   entry2.o
         4          0          0          0          0          0   entry5.o
         0          0          0          0          0          0   entry7b.o
         0          0          0          0          0          0   entry8b.o
         8          4          0          0          0          0   entry9a.o
        30          0          0          0          0          0   handlers.o
        40          0          0          0          0         72   idiv.o
        36          8          0          0          0         68   init.o
        32          0          0          0          0         68   llshl.o
        34          0          0          0          0         68   llushr.o
        36          0          0          0          0        100   memseta.o
       386          8          0          0          0        228   printf1.o
        44          0          0          0          0         72   uidiv.o
        96          0          0          0          0         84   uldiv.o

    ----------------------------------------------------------------------
       760         24          0          0          0        760   Library Totals
         6          0          0          0          0          0   (incl. Padding)

    ----------------------------------------------------------------------

      Code (inc. data)   RO Data    RW Data    ZI Data      Debug   Library Name

       754         24          0          0          0        760   mc_p.l

    ----------------------------------------------------------------------
       760         24          0          0          0        760   Library Totals

    ----------------------------------------------------------------------

==============================================================================


      Code (inc. data)   RO Data    RW Data    ZI Data      Debug   

     15480       1128        268         80       1584     428079   Grand Totals
     15480       1128        268         80       1584     428079   ELF Image Totals
     15480       1128        268         80          0          0   ROM Totals

==============================================================================

    Total RO  Size (Code + RO Data)                15748 (  15.38kB)
    Total RW  Size (RW Data + ZI Data)              1664 (   1.63kB)
    Total ROM Size (Code + RO Data + RW Data)      15828 (  15.46kB)

==============================================================================

